Archive member included to satisfy reference by file (symbol)

C:/devkitPro/libctru/lib\libctru.a(srv.o)
                              service_manager.o (srvEnableNotification)
C:/devkitPro/libctru/lib\libctru.a(synchronization.o)
                              main.o (__sync_init)
C:/devkitPro/libctru/lib\libctru.a(fs.o)
                              termination.o (fsInit)
C:/devkitPro/libctru/lib\libctru.a(fsreg.o)
                              main.o (fsRegInit)
C:/devkitPro/libctru/lib\libctru.a(loader.o)
                              main.o (loaderInit)
C:/devkitPro/libctru/lib\libctru.a(srvpm.o)
                              main.o (srvPmInit)
C:/devkitPro/libctru/lib\libctru.a(initArgv.o)
                              C:/devkitPro/devkitARM/bin/../lib/gcc/arm-none-eabi/14.2.0/../../../../arm-none-eabi/lib/armv6k/fpu/3dsx_crt0.o (__system_argc)
C:/devkitPro/libctru/lib\libctru.a(svc.o)
                              main.o (svcExitProcess)
C:/devkitPro/libctru/lib\libctru.a(3dslink.o)
                              C:/devkitPro/libctru/lib\libctru.a(initArgv.o) (__3dslink_host)
C:/devkitPro/libctru/lib\libctru.a(env.o)
                              C:/devkitPro/libctru/lib\libctru.a(srv.o) (envGetHandle)
C:/devkitPro/libctru/lib\libctru.a(soc_connect.o)
                              C:/devkitPro/libctru/lib\libctru.a(3dslink.o) (connect)
C:/devkitPro/libctru/lib\libctru.a(soc_socket.o)
                              C:/devkitPro/libctru/lib\libctru.a(3dslink.o) (socket)
C:/devkitPro/libctru/lib\libctru.a(soc_common.o)
                              C:/devkitPro/libctru/lib\libctru.a(soc_connect.o) (_net_convert_error)
C:/devkitPro/devkitARM/bin/../lib/gcc/arm-none-eabi/14.2.0/armv6k/fpu\libgcc.a(_aeabi_ldivmod.o)
                              termination.o (__aeabi_ldivmod)
C:/devkitPro/devkitARM/bin/../lib/gcc/arm-none-eabi/14.2.0/armv6k/fpu\libgcc.a(_sync_dmb.o)
                              (__sync_synchronize_dmb)
C:/devkitPro/devkitARM/bin/../lib/gcc/arm-none-eabi/14.2.0/armv6k/fpu\libgcc.a(_udivmoddi4.o)
                              C:/devkitPro/devkitARM/bin/../lib/gcc/arm-none-eabi/14.2.0/armv6k/fpu\libgcc.a(_aeabi_ldivmod.o) (__udivmoddi4)
C:/devkitPro/devkitARM/bin/../lib/gcc/arm-none-eabi/14.2.0/armv6k/fpu\libgcc.a(_dvmd_tls.o)
                              C:/devkitPro/devkitARM/bin/../lib/gcc/arm-none-eabi/14.2.0/armv6k/fpu\libgcc.a(_aeabi_ldivmod.o) (__aeabi_ldiv0)
C:/devkitPro/devkitARM/bin/../lib/gcc/arm-none-eabi/14.2.0/../../../../arm-none-eabi/lib/armv6k/fpu\libg.a(libc_a-strncmp.o)
                              C:/devkitPro/libctru/lib\libctru.a(initArgv.o) (strncmp)
C:/devkitPro/devkitARM/bin/../lib/gcc/arm-none-eabi/14.2.0/../../../../arm-none-eabi/lib/armv6k/fpu\libg.a(libc_a-strlen-stub.o)
                              C:/devkitPro/libctru/lib\libctru.a(fs.o) (strlen)
C:/devkitPro/devkitARM/bin/../lib/gcc/arm-none-eabi/14.2.0/../../../../arm-none-eabi/lib/armv6k/fpu\libg.a(libc_a-strtoul.o)
                              C:/devkitPro/libctru/lib\libctru.a(initArgv.o) (strtoul)
C:/devkitPro/devkitARM/bin/../lib/gcc/arm-none-eabi/14.2.0/../../../../arm-none-eabi/lib/armv6k/fpu\libg.a(libc_a-sysclose.o)
                              C:/devkitPro/libctru/lib\libctru.a(3dslink.o) (close)
C:/devkitPro/devkitARM/bin/../lib/gcc/arm-none-eabi/14.2.0/../../../../arm-none-eabi/lib/armv6k/fpu\libg.a(libc_a-strnlen.o)
                              C:/devkitPro/libctru/lib\libctru.a(srv.o) (strnlen)
C:/devkitPro/devkitARM/bin/../lib/gcc/arm-none-eabi/14.2.0/../../../../arm-none-eabi/lib/armv6k/fpu\libg.a(libc_a-errno.o)
                              C:/devkitPro/libctru/lib\libctru.a(soc_connect.o) (__errno)
C:/devkitPro/devkitARM/bin/../lib/gcc/arm-none-eabi/14.2.0/../../../../arm-none-eabi/lib/armv6k/fpu\libg.a(libc_a-memcpy-stub.o)
                              firmlaunch.o (memcpy)
C:/devkitPro/devkitARM/bin/../lib/gcc/arm-none-eabi/14.2.0/../../../../arm-none-eabi/lib/armv6k/fpu\libg.a(libc_a-ctype_.o)
                              C:/devkitPro/devkitARM/bin/../lib/gcc/arm-none-eabi/14.2.0/../../../../arm-none-eabi/lib/armv6k/fpu\libg.a(libc_a-strtoul.o) (_ctype_)
C:/devkitPro/devkitARM/bin/../lib/gcc/arm-none-eabi/14.2.0/../../../../arm-none-eabi/lib/armv6k/fpu\libg.a(libc_a-memset.o)
                              exheader_info_heap.o (memset)
C:/devkitPro/devkitARM/bin/../lib/gcc/arm-none-eabi/14.2.0/../../../../arm-none-eabi/lib/armv6k/fpu\libg.a(libc_a-strncpy.o)
                              C:/devkitPro/libctru/lib\libctru.a(srv.o) (strncpy)
C:/devkitPro/devkitARM/bin/../lib/gcc/arm-none-eabi/14.2.0/../../../../arm-none-eabi/lib/armv6k/fpu\libg.a(libc_a-strcmp.o)
                              C:/devkitPro/libctru/lib\libctru.a(soc_connect.o) (strcmp)
C:/devkitPro/devkitARM/bin/../lib/gcc/arm-none-eabi/14.2.0/../../../../arm-none-eabi/lib/armv6k/fpu\libg.a(libc_a-fflush.o)
[...]
Memory Configuration

Name             Origin             Length             Attributes
*default*        0x00000000         0xffffffff

Linker script and memory map

                0x00000000                        __sync_synchronize = __sync_synchronize_dmb
                0x00100000                        PROVIDE (__start__ = 0x100000)
                0x00100000                        . = __start__

.text           0x00100000     0x53c8
 *(.crt0)
 .crt0          0x00100000       0x94 C:/devkitPro/devkitARM/bin/../lib/gcc/arm-none-eabi/14.2.0/../../../../arm-none-eabi/lib/armv6k/fpu/3dsx_crt0.o
                0x00100000                _start
                0x00100008                __service_ptr
                0x0010000c                __apt_appid
                0x00100010                __heap_size
                0x00100014                __linear_heap_size
                0x00100018                __system_arglist
                0x0010001c                __system_runflags
 *(.init)
 .init          0x00100094        0xc C:/devkitPro/devkitARM/bin/../lib/gcc/arm-none-eabi/14.2.0/armv6k/fpu/crti.o
                0x00100094                _init
 .init          0x001000a0        0xc C:/devkitPro/devkitARM/bin/../lib/gcc/arm-none-eabi/14.2.0/armv6k/fpu/crtn.o
                0x001000ac                        . = ALIGN (0x4)
 *(.text)
 .text          0x001000ac       0xd4 C:/devkitPro/devkitARM/bin/../lib/gcc/arm-none-eabi/14.2.0/armv6k/fpu\libgcc.a(_aeabi_ldivmod.o)
                0x001000ac                __aeabi_ldivmod
 .text          0x00100180        0x4 C:/devkitPro/devkitARM/bin/../lib/gcc/arm-none-eabi/14.2.0/armv6k/fpu\libgcc.a(_dvmd_tls.o)
                0x00100180                __aeabi_idiv0
                0x00100180                __aeabi_ldiv0
 *(.text.*)
 .text.__do_global_dtors_aux
                0x00100184       0x40 C:/devkitPro/devkitARM/bin/../lib/gcc/arm-none-eabi/14.2.0/armv6k/fpu/crtbegin.o
 .text.frame_dummy
                0x001001c4       0x2c C:/devkitPro/devkitARM/bin/../lib/gcc/arm-none-eabi/14.2.0/armv6k/fpu/crtbegin.o
 .text.ExHeaderInfoHeap_Init
                0x001001f0       0x30 exheader_info_heap.o
                0x001001f0                ExHeaderInfoHeap_Init
 .text.ExHeaderInfoHeap_New
                0x00100220       0x7c exheader_info_heap.o
                0x00100220                ExHeaderInfoHeap_New
 .text.ExHeaderInfoHeap_Delete
                0x0010029c       0x40 exheader_info_heap.o
                0x0010029c                ExHeaderInfoHeap_Delete
 .text.unlikely.panic.isra.0
                0x001002dc        0x4 firmlaunch.o
 .text.LaunchFirmAsync
                0x001002e0       0x54 firmlaunch.o
 .text.mapFirmlaunchParameters
                0x00100334       0x24 firmlaunch.o
                0x00100334                mapFirmlaunchParameters
 .text.GetFirmlaunchParams
                0x00100358       0x20 firmlaunch.o
                0x00100358                GetFirmlaunchParams
 .text.SetFirmlaunchParams
                0x00100378       0x4c firmlaunch.o
                0x00100378                SetFirmlaunchParams
 .text.LaunchFirm
                0x001003c4       0x68 firmlaunch.o
                0x001003c4                LaunchFirm
 .text.unlikely.panic.isra.0
                0x0010042c        0x4 info.o
 .text.registerProgram
                0x00100430       0xd8 info.o
                0x00100430                registerProgram
 .text.listDependencies
                0x00100508       0x68 info.o
                0x00100508                listDependencies
 .text.getAndListDependencies
                0x00100570       0x3c info.o
                0x00100570                getAndListDependencies
 .text.listMergeUniqueDependencies
                0x001005ac      0x18c info.o
                0x001005ac                listMergeUniqueDependencies
 .text.GetTitleExHeaderFlags
                0x00100738       0xc0 info.o
                0x00100738                GetTitleExHeaderFlags
 .text.GetCurrentAppInfo
                0x001007f8       0x84 info.o
                0x001007f8                GetCurrentAppInfo
 .text.unlikely.panic.isra.0
                0x0010087c        0x4 launch.o
 .text.loadWithoutDependencies
                0x00100880      0x264 launch.o
 .text.loadWithDependencies
                0x00100ae4      0x224 launch.o
 .text.launchTitleImpl.part.0
                0x00100d08      0x240 launch.o
 .text.launchTitleImplWrapper
                0x00100f48       0xdc launch.o
 .text.LaunchTitleAsync
                0x00101024       0x2c launch.o
 .text.LaunchTitle
                0x00101050      0x1f4 launch.o
                0x00101050                LaunchTitle
 .text.LaunchTitleUpdate
                0x00101244      0x13c launch.o
                0x00101244                LaunchTitleUpdate
 .text.LaunchApp
                0x00101380       0x74 launch.o
                0x00101380                LaunchApp
 .text.RunQueuedProcess
                0x001013f4      0x13c launch.o
                0x001013f4                RunQueuedProcess
 .text.LaunchAppDebug
                0x00101530       0xcc launch.o
                0x00101530                LaunchAppDebug
 .text.autolaunchSysmodules
                0x001015fc       0x58 launch.o
                0x001015fc                autolaunchSysmodules
 .text.DebugNextApplicationByForce
                0x00101654       0x18 launch.o
                0x00101654                DebugNextApplicationByForce
 .text.LaunchTitleDebug
                0x0010166c       0x7c launch.o
                0x0010166c                LaunchTitleDebug
 .text.readLumaConfig
                0x001016e8       0xa4 luma.o
                0x001016e8                readLumaConfig
 .text.hasKExt  0x0010178c       0x2c luma.o
                0x0010178c                hasKExt
 .text.getStolenSystemMemRegionSize
                0x001017b8       0x28 luma.o
                0x001017b8                getStolenSystemMemRegionSize
 .text.isTitleLaunchPrevented
                0x001017e0       0x70 luma.o
                0x001017e0                isTitleLaunchPrevented
 .text.handleRestartHbAppNotification
                0x00101850        0x4 main.o
 .text.unlikely.panic.isra.0
                0x00101854        0x4 main.o
 .text.__wrap_exit
                0x00101858        0x8 main.o
                0x00101858                __wrap_exit
 .text.initSystem
                0x00101860       0x78 main.o
                0x00101860                initSystem
 .text.startup.main
                0x001018d8       0xb0 main.o
                0x001018d8                main
 .text.unlikely.panic.isra.0
                0x00101988        0x4 manager.o
 .text.Manager_Init
                0x0010198c       0xd0 manager.o
                0x0010198c                Manager_Init
 *fill*         0x00101a5c        0x4 
 .text.Manager_RegisterKips
                0x00101a60      0x178 manager.o
                0x00101a60                Manager_RegisterKips
 .text.UnregisterProcess
                0x00101bd8       0x78 manager.o
                0x00101bd8                UnregisterProcess
 .text._thread_begin
                0x00101c50       0x10 my_thread.o
 .text.MyThread_Create
                0x00101c60       0x38 my_thread.o
                0x00101c60                MyThread_Create
 .text.pmAppHandleCommands
                0x00101c98      0x384 pmapp.o
                0x00101c98                pmAppHandleCommands
 .text.pmDbgHandleCommands
                0x0010201c      0x1d8 pmdbg.o
                0x0010201c                pmDbgHandleCommands
 .text.unlikely.panic.isra.0
                0x001021f4        0x4 process_data.o
 .text.ProcessList_FindProcessById
                0x001021f8       0x34 process_data.o
                0x001021f8                ProcessList_FindProcessById
 .text.ProcessList_FindProcessByHandle
                0x0010222c       0x34 process_data.o
                0x0010222c                ProcessList_FindProcessByHandle
 .text.ProcessList_FindProcessByTitleId
                0x00102260       0x48 process_data.o
                0x00102260                ProcessList_FindProcessByTitleId
 .text.ProcessData_Notify
                0x001022a8       0x28 process_data.o
                0x001022a8                ProcessData_Notify
 .text.ProcessData_SendTerminationNotification
                0x001022d0       0x40 process_data.o
                0x001022d0                ProcessData_SendTerminationNotification
 .text.ProcessData_Incref
                0x00102310       0x2c process_data.o
                0x00102310                ProcessData_Incref
 .text.ProcessList_New
                0x0010233c       0x5c process_data.o
                0x0010233c                ProcessList_New
 .text.ProcessList_Delete
                0x00102398       0x28 process_data.o
                0x00102398                ProcessList_Delete
 .text.unlikely.panic.isra.0
                0x001023c0        0x4 process_monitor.o
 *fill*         0x001023c4        0x4 
 .text.processMonitor
                0x001023c8      0x2a8 process_monitor.o
                0x001023c8                processMonitor
 .text.unlikely.panic.isra.0
                0x00102670        0x4 reslimit.o
 .text.initializeReslimits
                0x00102674      0x138 reslimit.o
                0x00102674                initializeReslimits
 .text.setAppMemLimit
                0x001027ac       0x58 reslimit.o
                0x001027ac                setAppMemLimit
 .text.resetAppMemLimit
                0x00102804       0x54 reslimit.o
                0x00102804                resetAppMemLimit
 .text.setAppCpuTimeLimit
                0x00102858       0xb0 reslimit.o
                0x00102858                setAppCpuTimeLimit
 .text.setAppCpuTimeLimitAndSchedModeFromDescriptor
                0x00102908       0xdc reslimit.o
                0x00102908                setAppCpuTimeLimitAndSchedModeFromDescriptor
 .text.SetAppResourceLimit
                0x001029e4       0x60 reslimit.o
                0x001029e4                SetAppResourceLimit
 .text.GetAppResourceLimit
                0x00102a44       0xac reslimit.o
                0x00102a44                GetAppResourceLimit
 .text.ServiceManager_Run
                0x00102af0      0x5a4 service_manager.o
                0x00102af0                ServiceManager_Run
 .text.TaskRunner_Init
                0x00103094       0x38 task_runner.o
                0x00103094                TaskRunner_Init
 .text.TaskRunner_RunTask
                0x001030cc       0x48 task_runner.o
                0x001030cc                TaskRunner_RunTask
 .text.TaskRunner_HandleTasks
                0x00103114       0x4c task_runner.o
                0x00103114                TaskRunner_HandleTasks
 .text.unlikely.panic.isra.0
                0x00103160        0x4 termination.o
 .text.TerminateProcessOrTitle
                0x00103164      0x134 termination.o
 .text.commitPendingTerminations
                0x00103298      0x11c termination.o
 .text.terminateUnusedDependencies
                0x001033b4       0xf8 termination.o
 .text.terminateProcessImpl.isra.0
                0x001034ac       0x78 termination.o
 *fill*         0x00103524        0x4 
 .text.ChainloadHomebrewDirtyAsync
                0x00103528      0x164 termination.o
 .text.TerminateProcessOrTitleAsync
                0x0010368c      0x134 termination.o
 .text.forceMountSdCard
                0x001037c0       0x58 termination.o
                0x001037c0                forceMountSdCard
 .text.listAndTerminateDependencies
                0x00103818       0x40 termination.o
                0x00103818                listAndTerminateDependencies
 .text.TerminateApplication
                0x00103858       0xa4 termination.o
                0x00103858                TerminateApplication
 .text.TerminateTitle
                0x001038fc       0x1c termination.o
                0x001038fc                TerminateTitle
 .text.TerminateProcess
                0x00103918       0x1c termination.o
                0x00103918                TerminateProcess
 *fill*         0x00103934        0x4 
 .text.terminateAllProcesses
                0x00103938      0x35c termination.o
                0x00103938                terminateAllProcesses
 .text.PrepareForRebootAsync
                0x00103c94       0x2c termination.o
 .text.PrepareForReboot
                0x00103cc0       0x60 termination.o
                0x00103cc0                PrepareForReboot
 .text.ChainloadHomebrewDirty
                0x00103d20       0x68 termination.o
                0x00103d20                ChainloadHomebrewDirty
 .text.srvInit  0x00103d88      0x12c C:/devkitPro/libctru/lib\libctru.a(srv.o)
                0x00103d88                srvInit
 .text.srvExit  0x00103eb4       0x58 C:/devkitPro/libctru/lib\libctru.a(srv.o)
                0x00103eb4                srvExit
 .text.srvGetSessionHandle
                0x00103f0c        0xc C:/devkitPro/libctru/lib\libctru.a(srv.o)
                0x00103f0c                srvGetSessionHandle
 .text.srvEnableNotification
                0x00103f18       0x60 C:/devkitPro/libctru/lib\libctru.a(srv.o)
                0x00103f18                srvEnableNotification
 .text.srvRegisterService
                0x00103f78       0x90 C:/devkitPro/libctru/lib\libctru.a(srv.o)
                0x00103f78                srvRegisterService
 .text.srvUnregisterService
                0x00104008       0x58 C:/devkitPro/libctru/lib\libctru.a(srv.o)
                0x00104008                srvUnregisterService
 .text.srvGetServiceHandleDirect
                0x00104060       0xa0 C:/devkitPro/libctru/lib\libctru.a(srv.o)
                0x00104060                srvGetServiceHandleDirect
 .text.srvGetServiceHandle
                0x00104100       0x38 C:/devkitPro/libctru/lib\libctru.a(srv.o)
                0x00104100                srvGetServiceHandle
 .text.srvSubscribe
                0x00104138       0x34 C:/devkitPro/libctru/lib\libctru.a(srv.o)
                0x00104138                srvSubscribe
 .text.srvUnsubscribe
                0x0010416c       0x34 C:/devkitPro/libctru/lib\libctru.a(srv.o)
                0x0010416c                srvUnsubscribe
 .text.srvReceiveNotification
                0x001041a0       0x60 C:/devkitPro/libctru/lib\libctru.a(srv.o)
                0x001041a0                srvReceiveNotification
 .text.srvPublishToSubscriber
                0x00104200       0x38 C:/devkitPro/libctru/lib\libctru.a(srv.o)
                0x00104200                srvPublishToSubscriber
 .text.__sync_init
                0x00104238        0xc C:/devkitPro/libctru/lib\libctru.a(synchronization.o)
                0x00104238                __sync_init
 .text.LightLock_Lock
                0x00104244       0xb0 C:/devkitPro/libctru/lib\libctru.a(synchronization.o)
                0x00104244                LightLock_Lock
 .text.RecursiveLock_Init
                0x001042f4       0x24 C:/devkitPro/libctru/lib\libctru.a(synchronization.o)
                0x001042f4                RecursiveLock_Init
 .text.RecursiveLock_Lock
                0x00104318       0x30 C:/devkitPro/libctru/lib\libctru.a(synchronization.o)
                0x00104318                RecursiveLock_Lock
 .text.RecursiveLock_Unlock
                0x00104348       0x54 C:/devkitPro/libctru/lib\libctru.a(synchronization.o)
                0x00104348                RecursiveLock_Unlock
 .text.LightEvent_Init
                0x0010439c       0x40 C:/devkitPro/libctru/lib\libctru.a(synchronization.o)
                0x0010439c                LightEvent_Init
 .text.LightEvent_Signal
                0x001043dc       0xc8 C:/devkitPro/libctru/lib\libctru.a(synchronization.o)
                0x001043dc                LightEvent_Signal
 .text.LightEvent_Wait
                0x001044a4       0xa0 C:/devkitPro/libctru/lib\libctru.a(synchronization.o)
                0x001044a4                LightEvent_Wait
 .text.fsInit   0x00104544       0xd0 C:/devkitPro/libctru/lib\libctru.a(fs.o)
                0x00104544                fsInit
 .text.fsMakePath
                0x00104614       0x84 C:/devkitPro/libctru/lib\libctru.a(fs.o)
                0x00104614                fsMakePath
 .text.FSUSER_OpenArchive
                0x00104698       0x94 C:/devkitPro/libctru/lib\libctru.a(fs.o)
                0x00104698                FSUSER_OpenArchive
 .text.fsRegInit
                0x0010472c       0x74 C:/devkitPro/libctru/lib\libctru.a(fsreg.o)
                0x0010472c                fsRegInit
 .text.FSREG_Register
                0x001047a0       0xa0 C:/devkitPro/libctru/lib\libctru.a(fsreg.o)
                0x001047a0                FSREG_Register
 .text.FSREG_Unregister
                0x00104840       0x34 C:/devkitPro/libctru/lib\libctru.a(fsreg.o)
                0x00104840                FSREG_Unregister
 .text.loaderInit
                0x00104874       0x74 C:/devkitPro/libctru/lib\libctru.a(loader.o)
                0x00104874                loaderInit
 .text.LOADER_LoadProcess
                0x001048e8       0x40 C:/devkitPro/libctru/lib\libctru.a(loader.o)
                0x001048e8                LOADER_LoadProcess
 .text.LOADER_RegisterProgram
                0x00104928       0x7c C:/devkitPro/libctru/lib\libctru.a(loader.o)
                0x00104928                LOADER_RegisterProgram
 .text.LOADER_UnregisterProgram
                0x001049a4       0x38 C:/devkitPro/libctru/lib\libctru.a(loader.o)
                0x001049a4                LOADER_UnregisterProgram
 .text.LOADER_GetProgramInfo
                0x001049dc       0x58 C:/devkitPro/libctru/lib\libctru.a(loader.o)
                0x001049dc                LOADER_GetProgramInfo
 .text.srvPmExit
                0x00104a34       0x70 C:/devkitPro/libctru/lib\libctru.a(srvpm.o)
                0x00104a34                srvPmExit
 .text.srvPmInit
                0x00104aa4       0xb8 C:/devkitPro/libctru/lib\libctru.a(srvpm.o)
                0x00104aa4                srvPmInit
 .text.srvPmGetSessionHandle
                0x00104b5c        0xc C:/devkitPro/libctru/lib\libctru.a(srvpm.o)
                0x00104b5c                srvPmGetSessionHandle
 .text.SRVPM_PublishToProcess
                0x00104b68       0x60 C:/devkitPro/libctru/lib\libctru.a(srvpm.o)
                0x00104b68                SRVPM_PublishToProcess
 .text.SRVPM_RegisterProcess
                0x00104bc8       0x6c C:/devkitPro/libctru/lib\libctru.a(srvpm.o)
                0x00104bc8                SRVPM_RegisterProcess
 .text.SRVPM_UnregisterProcess
                0x00104c34       0x58 C:/devkitPro/libctru/lib\libctru.a(srvpm.o)
                0x00104c34                SRVPM_UnregisterProcess
 .text.svcExitProcess
                0x00104c8c        0x8 C:/devkitPro/libctru/lib\libctru.a(svc.o)
                0x00104c8c                svcExitProcess
 .text.svcSetProcessAffinityMask
                0x00104c94        0x8 C:/devkitPro/libctru/lib\libctru.a(svc.o)
                0x00104c94                svcSetProcessAffinityMask
 .text.svcSetProcessIdealProcessor
                0x00104c9c        0x8 C:/devkitPro/libctru/lib\libctru.a(svc.o)
                0x00104c9c                svcSetProcessIdealProcessor
 .text.svcCreateThread
                0x00104ca4       0x20 C:/devkitPro/libctru/lib\libctru.a(svc.o)
                0x00104ca4                svcCreateThread
 .text.svcExitThread
                0x00104cc4        0x8 C:/devkitPro/libctru/lib\libctru.a(svc.o)
                0x00104cc4                svcExitThread
 .text.svcSleepThread
                0x00104ccc        0x8 C:/devkitPro/libctru/lib\libctru.a(svc.o)
                0x00104ccc                svcSleepThread
 .text.svcRun   0x00104cd4       0x24 C:/devkitPro/libctru/lib\libctru.a(svc.o)
                0x00104cd4                svcRun
 .text.svcCreateEvent
                0x00104cf8       0x14 C:/devkitPro/libctru/lib\libctru.a(svc.o)
                0x00104cf8                svcCreateEvent
 .text.svcSignalEvent
                0x00104d0c        0x8 C:/devkitPro/libctru/lib\libctru.a(svc.o)
                0x00104d0c                svcSignalEvent
 .text.svcClearEvent
                0x00104d14        0x8 C:/devkitPro/libctru/lib\libctru.a(svc.o)
                0x00104d14                svcClearEvent
 .text.svcCreateAddressArbiter
                0x00104d1c       0x14 C:/devkitPro/libctru/lib\libctru.a(svc.o)
                0x00104d1c                svcCreateAddressArbiter
 .text.svcArbitrateAddressNoTimeout
                0x00104d30        0x8 C:/devkitPro/libctru/lib\libctru.a(svc.o)
                0x00104d30                svcArbitrateAddressNoTimeout
 .text.svcCloseHandle
                0x00104d38        0x8 C:/devkitPro/libctru/lib\libctru.a(svc.o)
                0x00104d38                svcCloseHandle
 .text.svcWaitSynchronization
                0x00104d40        0x8 C:/devkitPro/libctru/lib\libctru.a(svc.o)
                0x00104d40                svcWaitSynchronization
 .text.svcWaitSynchronizationN
                0x00104d48       0x28 C:/devkitPro/libctru/lib\libctru.a(svc.o)
                0x00104d48                svcWaitSynchronizationN
 .text.svcDuplicateHandle
                0x00104d70       0x14 C:/devkitPro/libctru/lib\libctru.a(svc.o)
                0x00104d70                svcDuplicateHandle
 .text.svcGetSystemTick
                0x00104d84        0x8 C:/devkitPro/libctru/lib\libctru.a(svc.o)
                0x00104d84                svcGetSystemTick
 .text.svcGetSystemInfo
                0x00104d8c       0x18 C:/devkitPro/libctru/lib\libctru.a(svc.o)
                0x00104d8c                svcGetSystemInfo
 .text.svcConnectToPort
                0x00104da4       0x14 C:/devkitPro/libctru/lib\libctru.a(svc.o)
                0x00104da4                svcConnectToPort
 .text.svcSendSyncRequest
                0x00104db8        0x8 C:/devkitPro/libctru/lib\libctru.a(svc.o)
                0x00104db8                svcSendSyncRequest
 .text.svcOpenProcess
                0x00104dc0       0x14 C:/devkitPro/libctru/lib\libctru.a(svc.o)
                0x00104dc0                svcOpenProcess
 .text.svcGetProcessId
                0x00104dd4       0x14 C:/devkitPro/libctru/lib\libctru.a(svc.o)
                0x00104dd4                svcGetProcessId
 .text.svcGetResourceLimitLimitValues
                0x00104de8        0x8 C:/devkitPro/libctru/lib\libctru.a(svc.o)
                0x00104de8                svcGetResourceLimitLimitValues
 .text.svcCreatePort
                0x00104df0       0x20 C:/devkitPro/libctru/lib\libctru.a(svc.o)
                0x00104df0                svcCreatePort
 .text.svcAcceptSession
                0x00104e10       0x18 C:/devkitPro/libctru/lib\libctru.a(svc.o)
                0x00104e10                svcAcceptSession
 .text.svcReplyAndReceive
                0x00104e28       0x18 C:/devkitPro/libctru/lib\libctru.a(svc.o)
                0x00104e28                svcReplyAndReceive
 .text.svcDebugActiveProcess
                0x00104e40       0x14 C:/devkitPro/libctru/lib\libctru.a(svc.o)
                0x00104e40                svcDebugActiveProcess
 .text.svcTerminateProcess
                0x00104e54        0x8 C:/devkitPro/libctru/lib\libctru.a(svc.o)
                0x00104e54                svcTerminateProcess
 .text.svcSetProcessResourceLimits
                0x00104e5c        0x8 C:/devkitPro/libctru/lib\libctru.a(svc.o)
                0x00104e5c                svcSetProcessResourceLimits
 .text.svcCreateResourceLimit
                0x00104e64       0x14 C:/devkitPro/libctru/lib\libctru.a(svc.o)
                0x00104e64                svcCreateResourceLimit
 .text.svcSetResourceLimitValues
                0x00104e78        0x8 C:/devkitPro/libctru/lib\libctru.a(svc.o)
                0x00104e78                svcSetResourceLimitValues
 .text.svcKernelSetState
                0x00104e80        0x8 C:/devkitPro/libctru/lib\libctru.a(svc.o)
                0x00104e80                svcKernelSetState
 .text.envGetHandle
                0x00104e88       0x84 C:/devkitPro/libctru/lib\libctru.a(env.o)
                0x00104e88                envGetHandle
 .text.__udivmoddi4
                0x00104f0c      0x120 C:/devkitPro/devkitARM/bin/../lib/gcc/arm-none-eabi/14.2.0/armv6k/fpu\libgcc.a(_udivmoddi4.o)
                0x00104f0c                __udivmoddi4
 .text.strlen   0x0010502c       0x5c C:/devkitPro/devkitARM/bin/../lib/gcc/arm-none-eabi/14.2.0/../../../../arm-none-eabi/lib/armv6k/fpu\libg.a(libc_a-strlen-stub.o)
                0x0010502c                strlen
 .text.strnlen  0x00105088       0x4c C:/devkitPro/devkitARM/bin/../lib/gcc/arm-none-eabi/14.2.0/../../../../arm-none-eabi/lib/armv6k/fpu\libg.a(libc_a-strnlen.o)
                0x00105088                strnlen
 .text.memcpy   0x001050d4      0x130 C:/devkitPro/devkitARM/bin/../lib/gcc/arm-none-eabi/14.2.0/../../../../arm-none-eabi/lib/armv6k/fpu\libg.a(libc_a-memcpy-stub.o)
                0x001050d4                memcpy
 .text.memset   0x00105204       0xe8 C:/devkitPro/devkitARM/bin/../lib/gcc/arm-none-eabi/14.2.0/../../../../arm-none-eabi/lib/armv6k/fpu\libg.a(libc_a-memset.o)
                0x00105204                memset
 .text.strncpy  0x001052ec       0xc4 C:/devkitPro/devkitARM/bin/../lib/gcc/arm-none-eabi/14.2.0/../../../../arm-none-eabi/lib/armv6k/fpu\libg.a(libc_a-strncpy.o)
                0x001052ec                strncpy
 *(.glue_7)
 .glue_7        0x001053b0        0x0 linker stubs
 *(.glue_7t)
 .glue_7t       0x001053b0        0x0 linker stubs
 *(.stub)
 *(.gnu.warning)
 *(.gnu.linkonce.t*)
                0x001053b0                        . = ALIGN (0x4)
 *(.fini)
 .fini          0x001053b0        0xc C:/devkitPro/devkitARM/bin/../lib/gcc/arm-none-eabi/14.2.0/armv6k/fpu/crti.o
                0x001053b0                _fini
 .fini          0x001053bc        0xc C:/devkitPro/devkitARM/bin/../lib/gcc/arm-none-eabi/14.2.0/armv6k/fpu/crtn.o
                0x001053c8                        . = ALIGN (0x4)

.vfp11_veneer   0x001053c8        0x0
 .vfp11_veneer  0x001053c8        0x0 linker stubs

.v4_bx          0x001053c8        0x0
 .v4_bx         0x001053c8        0x0 linker stubs

.iplt           0x001053c8        0x0
 .iplt          0x001053c8        0x0 C:/devkitPro/devkitARM/bin/../lib/gcc/arm-none-eabi/14.2.0/../../../../arm-none-eabi/lib/armv6k/fpu/3dsx_crt0.o
                0x00106000                        . = ALIGN (0x1000)

.rodata         0x00106000       0xe4
 *(.rodata)
 *(.roda)
 *(.rodata.*)
 .rodata.CSWTCH.44
                0x00106000       0x10 launch.o
 .rodata.notifications
                0x00106010       0x10 main.o
 .rodata.str1.4
                0x00106020       0x37 main.o
                                  0xf (size before relaxing)
 *fill*         0x00106057        0x1 
 .rodata.services
                0x00106058       0x30 main.o
 .rodata.storageInfo.0
                0x00106088       0x20 manager.o
 .rodata.pmAppHandleCommands
                0x001060a8        0xd pmapp.o
 *fill*         0x001060b5        0x3 
 .rodata.g_reslimitInitOrder
                0x001060b8       0x28 reslimit.o
 .rodata.forceMountSdCard.str1.4
                0x001060e0        0x1 termination.o
 .rodata.srvInit.str1.4
                0x001060e0        0x5 C:/devkitPro/libctru/lib\libctru.a(srv.o)
 .rodata.fsInit.str1.4
                0x001060e0        0x8 C:/devkitPro/libctru/lib\libctru.a(fs.o)
 .rodata.fsMakePath.str1.4
                0x001060e0        0x1 C:/devkitPro/libctru/lib\libctru.a(fs.o)
 .rodata.fsRegInit.str1.4
                0x001060e0        0x7 C:/devkitPro/libctru/lib\libctru.a(fsreg.o)
 .rodata.loaderInit.str1.4
                0x001060e0        0x7 C:/devkitPro/libctru/lib\libctru.a(loader.o)
 .rodata.srvPmInit.str1.4
                0x001060e0        0x7 C:/devkitPro/libctru/lib\libctru.a(srvpm.o)
 *all.rodata*(*)
 *(.gnu.linkonce.r*)
                0x001060e8                        . = ALIGN (0x4)
                0x001060e0                        __tdata_align = .
                0x001060e0        0x4 LONG 0x4 ALIGNOF (.tdata)
                0x001060e4                        . = ALIGN (0x4)

.eh_frame       0x001060e4        0x0
 .eh_frame      0x001060e4        0x0 C:/devkitPro/devkitARM/bin/../lib/gcc/arm-none-eabi/14.2.0/armv6k/fpu/crtbegin.o

.rel.dyn        0x001060e4        0x0
 .rel.iplt      0x001060e4        0x0 C:/devkitPro/devkitARM/bin/../lib/gcc/arm-none-eabi/14.2.0/../../../../arm-none-eabi/lib/armv6k/fpu/3dsx_crt0.o

.ARM.extab
 *(.ARM.extab* .gnu.linkonce.armextab.*)
                0x001060e4                        __exidx_start = .

.ARM.exidx
 *(.ARM.exidx* .gnu.linkonce.armexidx.*)
                0x001060e4                        __exidx_end = .
                0x00107000                        . = ALIGN (0x1000)

.data           0x00107000      0x280
 *(.data)
 *(.data.*)
 .data.g_n3dsReslimitValues
                0x00107000      0x140 reslimit.o
 .data.g_o3dsReslimitValues
                0x00107140      0x140 reslimit.o
 *(.gnu.linkonce.d*)
                0x00107280                        . = ALIGN (0x4)

.igot.plt       0x00107280        0x0
 .igot.plt      0x00107280        0x0 C:/devkitPro/devkitARM/bin/../lib/gcc/arm-none-eabi/14.2.0/../../../../arm-none-eabi/lib/armv6k/fpu/3dsx_crt0.o

.tdata          0x00107280        0x0
                0x00107280                        __tdata_lma = .
 *(.tdata)
 *(.tdata.*)
 *(.gnu.linkonce.td.*)
                0x00107280                        . = ALIGN (0x4)
                0x00107280                        __tdata_lma_end = .

.tbss           0x00107280        0x0
 *(.tbss)
 *(.tbss.*)
 *(.gnu.linkonce.tb.*)
 *(.tcommon)
                0x00107280                        . = ALIGN (0x4)

.preinit_array  0x00107280        0x0
                [!provide]                        PROVIDE (__preinit_array_start = .)
 *(.preinit_array)
                [!provide]                        PROVIDE (__preinit_array_end = .)

.init_array     0x00107280        0x4
                [!provide]                        PROVIDE (__init_array_start = .)
 *(SORT_BY_NAME(.init_array.*))
 *(.init_array)
 .init_array    0x00107280        0x4 C:/devkitPro/devkitARM/bin/../lib/gcc/arm-none-eabi/14.2.0/armv6k/fpu/crtbegin.o
                [!provide]                        PROVIDE (__init_array_end = .)

.fini_array     0x00107284        0x4
                [!provide]                        PROVIDE (__fini_array_start = .)
 *(.fini_array)
 .fini_array    0x00107284        0x4 C:/devkitPro/devkitARM/bin/../lib/gcc/arm-none-eabi/14.2.0/armv6k/fpu/crtbegin.o
 *(SORT_BY_NAME(.fini_array.*))
                [!provide]                        PROVIDE (__fini_array_end = .)

.ctors
 *crtbegin.o(.ctors)
 *(EXCLUDE_FILE(*crtend.o) .ctors)
 *(SORT_BY_NAME(.ctors.*))
 *(.ctors)

.dtors
 *crtbegin.o(.dtors)
 *(EXCLUDE_FILE(*crtend.o) .dtors)
 *(SORT_BY_NAME(.dtors.*))
 *(.dtors)
                0x00107288                        __bss_start__ = .

.bss            0x00107288     0x4528
 *(.dynbss)
 *(.bss)
 *(.bss.*)
 .bss.completed.1
                0x00107288        0x1 C:/devkitPro/devkitARM/bin/../lib/gcc/arm-none-eabi/14.2.0/armv6k/fpu/crtbegin.o
 *fill*         0x00107289        0x3 
 .bss.object.0  0x0010728c       0x18 C:/devkitPro/devkitARM/bin/../lib/gcc/arm-none-eabi/14.2.0/armv6k/fpu/crtbegin.o
 .bss.g_headNode
                0x001072a4        0x4 exheader_info_heap.o
 .bss.g_debugNextApplication
                0x001072a8        0x1 launch.o
 *fill*         0x001072a9        0x3 
 .bss.bootConfig
                0x001072ac        0x4 luma.o
                0x001072ac                bootConfig
 .bss.multiConfig
                0x001072b0        0x4 luma.o
                0x001072b0                multiConfig
 .bss.config    0x001072b4        0x4 luma.o
                0x001072b4                config
 .bss.threadStacks
                0x001072b8     0x2000 main.o
 .bss.exheaderInfoBuffer
                0x001092b8     0x1800 main.o
 .bss.processDataBuffer
                0x0010aab8      0xc00 main.o
 .bss.taskRunnerThread
                0x0010b6b8       0x14 main.o
 .bss.processMonitorThread
                0x0010b6cc       0x14 main.o
 .bss.g_manager
                0x0010b6e0       0x40 manager.o
                0x0010b6e0                g_manager
 .bss.g_defaultAppMemLimit
                0x0010b720        0x4 reslimit.o
 .bss.g_taskRunner
                0x0010b724       0x58 task_runner.o
                0x0010b724                g_taskRunner
 .bss.srvRefCount
                0x0010b77c        0x4 C:/devkitPro/libctru/lib\libctru.a(srv.o)
 .bss.srvHandle
                0x0010b780        0x4 C:/devkitPro/libctru/lib\libctru.a(srv.o)
 .bss.arbiter   0x0010b784        0x4 C:/devkitPro/libctru/lib\libctru.a(synchronization.o)
 .bss.fsuRefCount
                0x0010b788        0x4 C:/devkitPro/libctru/lib\libctru.a(fs.o)
 .bss.fsuHandle
                0x0010b78c        0x4 C:/devkitPro/libctru/lib\libctru.a(fs.o)
 .bss.fsRegRefCount
                0x0010b790        0x4 C:/devkitPro/libctru/lib\libctru.a(fsreg.o)
 .bss.fsRegHandle
                0x0010b794        0x4 C:/devkitPro/libctru/lib\libctru.a(fsreg.o)
 .bss.loaderRefCount
                0x0010b798        0x4 C:/devkitPro/libctru/lib\libctru.a(loader.o)
 .bss.loaderHandle
                0x0010b79c        0x4 C:/devkitPro/libctru/lib\libctru.a(loader.o)
 .bss.srvPmRefCount
                0x0010b7a0        0x4 C:/devkitPro/libctru/lib\libctru.a(srvpm.o)
 .bss.srvPmHandle
                0x0010b7a4        0x4 C:/devkitPro/libctru/lib\libctru.a(srvpm.o)
 .bss.__system_argv
                0x0010b7a8        0x4 C:/devkitPro/libctru/lib\libctru.a(initArgv.o)
                0x0010b7a8                __system_argv
 .bss.__system_argc
                0x0010b7ac        0x4 C:/devkitPro/libctru/lib\libctru.a(initArgv.o)
                0x0010b7ac                __system_argc
 *(.gnu.linkonce.b*)
 *(COMMON)
                0x0010b7b0                        . = (0x8 + ABSOLUTE (ALIGN (ABSOLUTE ((. - 0x8)), MAX (ALIGNOF (.tdata), ALIGNOF (.tbss)))))
                0x0010b7b0                        __tls_start = .
                0x0010b7b0                        . = (. + SIZEOF (.tdata))
                0x0010b7b0                        . = ALIGN (ALIGNOF (.tbss))
                0x0010b7b0                        . = (. + SIZEOF (.tbss))
                0x0010b7b0                        __tls_end = .
                0x0010b7b0                        __bss_end__ = .
                0x0010b7b0                        __end__ = ABSOLUTE (.)

/DISCARD/
 *(.group .comment .note)

.stab
 *(.stab)

.stabstr
 *(.stabstr)

.stab.excl
 *(.stab.excl)

.stab.exclstr
 *(.stab.exclstr)

.stab.index
 *(.stab.index)

.stab.indexstr
 *(.stab.indexstr)

.debug
 *(.debug)

.line
 *(.line)

.debug_srcinfo
 *(.debug_srcinfo)

.debug_sfnames
 *(.debug_sfnames)

.debug_aranges  0x00000000      0xe40
 *(.debug_aranges)
 .debug_aranges
                0x00000000       0x30 exheader_info_heap.o
 .debug_aranges
                0x00000030       0x48 firmlaunch.o
 .debug_aranges
                0x00000078       0x50 info.o
 .debug_aranges
                0x000000c8       0x88 launch.o
 .debug_aranges
                0x00000150       0x40 luma.o
 .debug_aranges
                0x00000190       0x48 main.o
 .debug_aranges
                0x000001d8       0x38 manager.o
 .debug_aranges
                0x00000210       0x38 my_thread.o
 .debug_aranges
                0x00000248       0x20 pmapp.o
 .debug_aranges
                0x00000268       0x20 pmdbg.o
 .debug_aranges
                0x00000288       0x60 process_data.o
 .debug_aranges
                0x000002e8       0x28 process_monitor.o
 .debug_aranges
                0x00000310       0x58 reslimit.o
 .debug_aranges
                0x00000368       0x20 service_manager.o
 .debug_aranges
                0x00000388       0x48 task_runner.o
 .debug_aranges
                0x000003d0       0x98 termination.o
 .debug_aranges
                0x00000468       0xc0 C:/devkitPro/libctru/lib\libctru.a(srv.o)
 .debug_aranges
                0x00000528       0xf0 C:/devkitPro/libctru/lib\libctru.a(synchronization.o)
 .debug_aranges
                0x00000618      0x3b8 C:/devkitPro/libctru/lib\libctru.a(fs.o)
 .debug_aranges
                0x000009d0       0x60 C:/devkitPro/libctru/lib\libctru.a(fsreg.o)
 .debug_aranges
                0x00000a30       0x48 C:/devkitPro/libctru/lib\libctru.a(loader.o)
 .debug_aranges
                0x00000a78       0x50 C:/devkitPro/libctru/lib\libctru.a(srvpm.o)
 .debug_aranges
                0x00000ac8       0x20 C:/devkitPro/libctru/lib\libctru.a(initArgv.o)
 .debug_aranges
                0x00000ae8      0x330 C:/devkitPro/libctru/lib\libctru.a(svc.o)
 .debug_aranges
                0x00000e18       0x28 C:/devkitPro/libctru/lib\libctru.a(env.o)

.debug_pubnames
 *(.debug_pubnames)

.debug_info     0x00000000    0x1dc10
 *(.debug_info)
 .debug_info    0x00000000      0x8f3 exheader_info_heap.o
 .debug_info    0x000008f3      0x890 firmlaunch.o
 .debug_info    0x00001183     0x1506 info.o
 .debug_info    0x00002689     0x2947 launch.o
 .debug_info    0x00004fd0      0x454 luma.o
 .debug_info    0x00005424      0x88a main.o
 .debug_info    0x00005cae      0xf2e manager.o
 .debug_info    0x00006bdc      0x3d1 my_thread.o
 .debug_info    0x00006fad      0x8d8 pmapp.o
 .debug_info    0x00007885      0x478 pmdbg.o
 .debug_info    0x00007cfd      0xab7 process_data.o
 .debug_info    0x000087b4     0x1236 process_monitor.o
 .debug_info    0x000099ea     0x1016 reslimit.o
 .debug_info    0x0000aa00      0x779 service_manager.o
 .debug_info    0x0000b179      0x5b4 task_runner.o
 .debug_info    0x0000b72d     0x2b42 termination.o
 .debug_info    0x0000e26f     0x1af2 C:/devkitPro/libctru/lib\libctru.a(srv.o)
 .debug_info    0x0000fd61     0x2956 C:/devkitPro/libctru/lib\libctru.a(synchronization.o)
 .debug_info    0x000126b7     0x8f48 C:/devkitPro/libctru/lib\libctru.a(fs.o)
 .debug_info    0x0001b5ff      0xccf C:/devkitPro/libctru/lib\libctru.a(fsreg.o)
 .debug_info    0x0001c2ce      0xb48 C:/devkitPro/libctru/lib\libctru.a(loader.o)
 .debug_info    0x0001ce16      0x872 C:/devkitPro/libctru/lib\libctru.a(srvpm.o)
 .debug_info    0x0001d688      0x2bc C:/devkitPro/libctru/lib\libctru.a(initArgv.o)
 .debug_info    0x0001d944       0x23 C:/devkitPro/libctru/lib\libctru.a(svc.o)
 .debug_info    0x0001d967      0x2a9 C:/devkitPro/libctru/lib\libctru.a(env.o)

.debug_abbrev   0x00000000     0x4e4a
 *(.debug_abbrev)
 .debug_abbrev  0x00000000      0x277 exheader_info_heap.o
 .debug_abbrev  0x00000277      0x2d8 firmlaunch.o
 .debug_abbrev  0x0000054f      0x368 info.o
 .debug_abbrev  0x000008b7      0x5cd launch.o
 .debug_abbrev  0x00000e84      0x184 luma.o
 .debug_abbrev  0x00001008      0x345 main.o
 .debug_abbrev  0x0000134d      0x3ba manager.o
 .debug_abbrev  0x00001707      0x1b9 my_thread.o
 .debug_abbrev  0x000018c0      0x251 pmapp.o
 .debug_abbrev  0x00001b11      0x21f pmdbg.o
 .debug_abbrev  0x00001d30      0x2ec process_data.o
 .debug_abbrev  0x0000201c      0x378 process_monitor.o
 .debug_abbrev  0x00002394      0x41a reslimit.o
 .debug_abbrev  0x000027ae      0x25c service_manager.o
 .debug_abbrev  0x00002a0a      0x251 task_runner.o
 .debug_abbrev  0x00002c5b      0x57f termination.o
 .debug_abbrev  0x000031da      0x514 C:/devkitPro/libctru/lib\libctru.a(srv.o)
 .debug_abbrev  0x000036ee      0x4f2 C:/devkitPro/libctru/lib\libctru.a(synchronization.o)
 .debug_abbrev  0x00003be0      0x625 C:/devkitPro/libctru/lib\libctru.a(fs.o)
 .debug_abbrev  0x00004205      0x320 C:/devkitPro/libctru/lib\libctru.a(fsreg.o)
 .debug_abbrev  0x00004525      0x2cb C:/devkitPro/libctru/lib\libctru.a(loader.o)
 .debug_abbrev  0x000047f0      0x2f1 C:/devkitPro/libctru/lib\libctru.a(srvpm.o)
 .debug_abbrev  0x00004ae1      0x198 C:/devkitPro/libctru/lib\libctru.a(initArgv.o)
 .debug_abbrev  0x00004c79       0x12 C:/devkitPro/libctru/lib\libctru.a(svc.o)
 .debug_abbrev  0x00004c8b      0x1bf C:/devkitPro/libctru/lib\libctru.a(env.o)

.debug_line     0x00000000    0x11f40
 *(.debug_line)
 .debug_line    0x00000000      0x3e7 exheader_info_heap.o
 .debug_line    0x000003e7      0x3a7 firmlaunch.o
 .debug_line    0x0000078e      0x708 info.o
 .debug_line    0x00000e96     0x13b1 launch.o
 .debug_line    0x00002247      0x31d luma.o
 .debug_line    0x00002564      0x486 main.o
 .debug_line    0x000029ea      0x6a2 manager.o
 .debug_line    0x0000308c      0x1fb my_thread.o
 .debug_line    0x00003287      0x5df pmapp.o
 .debug_line    0x00003866      0x353 pmdbg.o
 .debug_line    0x00003bb9      0x5fd process_data.o
 .debug_line    0x000041b6      0x58e process_monitor.o
 .debug_line    0x00004744      0x713 reslimit.o
 .debug_line    0x00004e57      0x67e service_manager.o
 .debug_line    0x000054d5      0x3bc task_runner.o
 .debug_line    0x00005891     0x12c1 termination.o
 .debug_line    0x00006b52      0xff2 C:/devkitPro/libctru/lib\libctru.a(srv.o)
 .debug_line    0x00007b44     0x170c C:/devkitPro/libctru/lib\libctru.a(synchronization.o)
 .debug_line    0x00009250     0x6c12 C:/devkitPro/libctru/lib\libctru.a(fs.o)
 .debug_line    0x0000fe62      0x69b C:/devkitPro/libctru/lib\libctru.a(fsreg.o)
 .debug_line    0x000104fd      0x561 C:/devkitPro/libctru/lib\libctru.a(loader.o)
 .debug_line    0x00010a5e      0x6b8 C:/devkitPro/libctru/lib\libctru.a(srvpm.o)
 .debug_line    0x00011116      0x42a C:/devkitPro/libctru/lib\libctru.a(initArgv.o)
 .debug_line    0x00011540      0x78f C:/devkitPro/libctru/lib\libctru.a(svc.o)
 .debug_line    0x00011ccf      0x271 C:/devkitPro/libctru/lib\libctru.a(env.o)

.debug_frame    0x00000000     0x2744
 *(.debug_frame)
 .debug_frame   0x00000000       0x4c exheader_info_heap.o
 .debug_frame   0x0000004c       0xa8 firmlaunch.o
 .debug_frame   0x000000f4      0x104 info.o
 .debug_frame   0x000001f8      0x270 launch.o
 .debug_frame   0x00000468       0xa8 luma.o
 .debug_frame   0x00000510       0xa4 main.o
 .debug_frame   0x000005b4       0x88 manager.o
 .debug_frame   0x0000063c       0x6c my_thread.o
 .debug_frame   0x000006a8       0x40 pmapp.o
 .debug_frame   0x000006e8       0x48 pmdbg.o
 .debug_frame   0x00000730       0xcc process_data.o
 .debug_frame   0x000007fc       0x48 process_monitor.o
 .debug_frame   0x00000844       0xf8 reslimit.o
 .debug_frame   0x0000093c       0x44 service_manager.o
 .debug_frame   0x00000980       0xa8 task_runner.o
 .debug_frame   0x00000a28      0x23c termination.o
 .debug_frame   0x00000c64      0x254 C:/devkitPro/libctru/lib\libctru.a(srv.o)
 .debug_frame   0x00000eb8      0x2b4 C:/devkitPro/libctru/lib\libctru.a(synchronization.o)
 .debug_frame   0x0000116c      0xce4 C:/devkitPro/libctru/lib\libctru.a(fs.o)
 .debug_frame   0x00001e50       0xe0 C:/devkitPro/libctru/lib\libctru.a(fsreg.o)
 .debug_frame   0x00001f30       0xa4 C:/devkitPro/libctru/lib\libctru.a(loader.o)
 .debug_frame   0x00001fd4       0xb0 C:/devkitPro/libctru/lib\libctru.a(srvpm.o)
 .debug_frame   0x00002084       0x34 C:/devkitPro/libctru/lib\libctru.a(initArgv.o)
 .debug_frame   0x000020b8      0x640 C:/devkitPro/libctru/lib\libctru.a(svc.o)
 .debug_frame   0x000026f8       0x4c C:/devkitPro/libctru/lib\libctru.a(env.o)

.debug_str      0x00000000     0x52de
 *(.debug_str)
 .debug_str     0x00000000     0x52de exheader_info_heap.o
                                0x92e (size before relaxing)
 .debug_str     0x000052de      0x5ca firmlaunch.o
 .debug_str     0x000052de     0x10a0 info.o
 .debug_str     0x000052de     0x1378 launch.o
 .debug_str     0x000052de      0x46b luma.o
 .debug_str     0x000052de      0x6db main.o
 .debug_str     0x000052de      0xac2 manager.o
 .debug_str     0x000052de      0x315 my_thread.o
 .debug_str     0x000052de      0x712 pmapp.o
 .debug_str     0x000052de      0x3db pmdbg.o
 .debug_str     0x000052de      0x652 process_data.o
 .debug_str     0x000052de      0xda7 process_monitor.o
 .debug_str     0x000052de      0xbeb reslimit.o
 .debug_str     0x000052de      0x478 service_manager.o
 .debug_str     0x000052de      0x55a task_runner.o
 .debug_str     0x000052de     0x1850 termination.o
 .debug_str     0x000052de      0xad7 C:/devkitPro/libctru/lib\libctru.a(srv.o)
 .debug_str     0x000052de      0x983 C:/devkitPro/libctru/lib\libctru.a(synchronization.o)
 .debug_str     0x000052de     0x1d13 C:/devkitPro/libctru/lib\libctru.a(fs.o)
 .debug_str     0x000052de      0x945 C:/devkitPro/libctru/lib\libctru.a(fsreg.o)
 .debug_str     0x000052de      0x91b C:/devkitPro/libctru/lib\libctru.a(loader.o)
 .debug_str     0x000052de      0x580 C:/devkitPro/libctru/lib\libctru.a(srvpm.o)
 .debug_str     0x000052de      0x2f6 C:/devkitPro/libctru/lib\libctru.a(initArgv.o)
 .debug_str     0x000052de       0xc5 C:/devkitPro/libctru/lib\libctru.a(svc.o)
 .debug_str     0x000052de      0x2a4 C:/devkitPro/libctru/lib\libctru.a(env.o)

.debug_loc
 *(.debug_loc)

.debug_macinfo
 *(.debug_macinfo)
LOAD C:/devkitPro/devkitARM/bin/../lib/gcc/arm-none-eabi/14.2.0/../../../../arm-none-eabi/lib/armv6k/fpu/3dsx_crt0.o
LOAD C:/devkitPro/devkitARM/bin/../lib/gcc/arm-none-eabi/14.2.0/armv6k/fpu/crti.o
LOAD C:/devkitPro/devkitARM/bin/../lib/gcc/arm-none-eabi/14.2.0/armv6k/fpu/crtbegin.o
LOAD exheader_info_heap.o
LOAD firmlaunch.o
LOAD info.o
LOAD launch.o
LOAD luma.o
LOAD main.o
LOAD manager.o
LOAD my_thread.o
LOAD pmapp.o
LOAD pmdbg.o
LOAD process_data.o
LOAD process_monitor.o
LOAD reslimit.o
LOAD service_manager.o
LOAD task_runner.o
LOAD termination.o
LOAD C:/devkitPro/libctru/lib\libctru.a
START GROUP
LOAD C:/devkitPro/devkitARM/bin/../lib/gcc/arm-none-eabi/14.2.0/armv6k/fpu\libgcc.a
LOAD C:/devkitPro/devkitARM/bin/../lib/gcc/arm-none-eabi/14.2.0/../../../../arm-none-eabi/lib/armv6k/fpu\libg.a
LOAD C:/devkitPro/devkitARM/bin/../lib/gcc/arm-none-eabi/14.2.0/../../../../arm-none-eabi/lib/armv6k/fpu\libc.a
LOAD C:/devkitPro/devkitARM/bin/../lib/gcc/arm-none-eabi/14.2.0/../../../../arm-none-eabi/lib/armv6k/fpu\libsysbase.a
END GROUP
LOAD C:/devkitPro/devkitARM/bin/../lib/gcc/arm-none-eabi/14.2.0/armv6k/fpu/crtend.o
LOAD C:/devkitPro/devkitARM/bin/../lib/gcc/arm-none-eabi/14.2.0/armv6k/fpu/crtn.o
OUTPUT(C:/Users/Terra/Luma3DS-mais-en-francais/sysmodules/pm/pm.elf elf32-littlearm)
LOAD linker stubs

.ARM.attributes
                0x00000000       0x2f
 .ARM.attributes
                0x00000000       0x1e C:/devkitPro/devkitARM/bin/../lib/gcc/arm-none-eabi/14.2.0/../../../../arm-none-eabi/lib/armv6k/fpu/3dsx_crt0.o
 .ARM.attributes
                0x0000001e       0x1c C:/devkitPro/devkitARM/bin/../lib/gcc/arm-none-eabi/14.2.0/armv6k/fpu/crti.o
 .ARM.attributes
                0x0000003a       0x30 C:/devkitPro/devkitARM/bin/../lib/gcc/arm-none-eabi/14.2.0/armv6k/fpu/crtbegin.o
 .ARM.attributes
                0x0000006a       0x30 exheader_info_heap.o
 .ARM.attributes
                0x0000009a       0x30 firmlaunch.o
 .ARM.attributes
                0x000000ca       0x30 info.o
 .ARM.attributes
                0x000000fa       0x30 launch.o
 .ARM.attributes
                0x0000012a       0x30 luma.o
 .ARM.attributes
                0x0000015a       0x30 main.o
 .ARM.attributes
                0x0000018a       0x30 manager.o
 .ARM.attributes
                0x000001ba       0x30 my_thread.o
 .ARM.attributes
                0x000001ea       0x30 pmapp.o
 .ARM.attributes
                0x0000021a       0x30 pmdbg.o
 .ARM.attributes
                0x0000024a       0x30 process_data.o
 .ARM.attributes
                0x0000027a       0x30 process_monitor.o
 .ARM.attributes
                0x000002aa       0x30 reslimit.o
 .ARM.attributes
                0x000002da       0x30 service_manager.o
 .ARM.attributes
                0x0000030a       0x30 task_runner.o
 .ARM.attributes
                0x0000033a       0x30 termination.o
 .ARM.attributes
                0x0000036a       0x30 C:/devkitPro/libctru/lib\libctru.a(srv.o)
 .ARM.attributes
                0x0000039a       0x30 C:/devkitPro/libctru/lib\libctru.a(synchronization.o)
 .ARM.attributes
                0x000003ca       0x30 C:/devkitPro/libctru/lib\libctru.a(fs.o)
 .ARM.attributes
                0x000003fa       0x30 C:/devkitPro/libctru/lib\libctru.a(fsreg.o)
 .ARM.attributes
                0x0000042a       0x30 C:/devkitPro/libctru/lib\libctru.a(loader.o)
 .ARM.attributes
                0x0000045a       0x30 C:/devkitPro/libctru/lib\libctru.a(srvpm.o)
 .ARM.attributes
                0x0000048a       0x30 C:/devkitPro/libctru/lib\libctru.a(initArgv.o)
 .ARM.attributes
                0x000004ba       0x1a C:/devkitPro/libctru/lib\libctru.a(svc.o)
 .ARM.attributes
                0x000004d4       0x30 C:/devkitPro/libctru/lib\libctru.a(env.o)
 .ARM.attributes
                0x00000504       0x1c C:/devkitPro/devkitARM/bin/../lib/gcc/arm-none-eabi/14.2.0/armv6k/fpu\libgcc.a(_aeabi_ldivmod.o)
 .ARM.attributes
                0x00000520       0x30 C:/devkitPro/devkitARM/bin/../lib/gcc/arm-none-eabi/14.2.0/armv6k/fpu\libgcc.a(_udivmoddi4.o)
 .ARM.attributes
                0x00000550       0x1c C:/devkitPro/devkitARM/bin/../lib/gcc/arm-none-eabi/14.2.0/armv6k/fpu\libgcc.a(_dvmd_tls.o)
 .ARM.attributes
                0x0000056c       0x30 C:/devkitPro/devkitARM/bin/../lib/gcc/arm-none-eabi/14.2.0/../../../../arm-none-eabi/lib/armv6k/fpu\libg.a(libc_a-strlen-stub.o)
 .ARM.attributes
                0x0000059c       0x30 C:/devkitPro/devkitARM/bin/../lib/gcc/arm-none-eabi/14.2.0/../../../../arm-none-eabi/lib/armv6k/fpu\libg.a(libc_a-strnlen.o)
 .ARM.attributes
                0x000005cc       0x30 C:/devkitPro/devkitARM/bin/../lib/gcc/arm-none-eabi/14.2.0/../../../../arm-none-eabi/lib/armv6k/fpu\libg.a(libc_a-memcpy-stub.o)
 .ARM.attributes
                0x000005fc       0x30 C:/devkitPro/devkitARM/bin/../lib/gcc/arm-none-eabi/14.2.0/../../../../arm-none-eabi/lib/armv6k/fpu\libg.a(libc_a-memset.o)
 .ARM.attributes
                0x0000062c       0x30 C:/devkitPro/devkitARM/bin/../lib/gcc/arm-none-eabi/14.2.0/../../../../arm-none-eabi/lib/armv6k/fpu\libg.a(libc_a-strncpy.o)
 .ARM.attributes
                0x0000065c       0x1c C:/devkitPro/devkitARM/bin/../lib/gcc/arm-none-eabi/14.2.0/armv6k/fpu/crtn.o

.debug_loclists
                0x00000000     0x9e9b
 .debug_loclists
                0x00000000       0xe5 exheader_info_heap.o
 .debug_loclists
                0x000000e5      0x1ae firmlaunch.o
 .debug_loclists
                0x00000293      0x444 info.o
 .debug_loclists
                0x000006d7      0xd23 launch.o
 .debug_loclists
                0x000013fa       0x39 luma.o
 .debug_loclists
                0x00001433       0xa9 main.o
 .debug_loclists
                0x000014dc      0x225 manager.o
 .debug_loclists
                0x00001701      0x10f my_thread.o
 .debug_loclists
                0x00001810      0x302 pmapp.o
 .debug_loclists
                0x00001b12      0x119 pmdbg.o
 .debug_loclists
                0x00001c2b      0x314 process_data.o
 .debug_loclists
                0x00001f3f      0x15d process_monitor.o
 .debug_loclists
                0x0000209c      0x36a reslimit.o
 .debug_loclists
                0x00002406      0x579 service_manager.o
 .debug_loclists
                0x0000297f       0xd9 task_runner.o
 .debug_loclists
                0x00002a58      0xa0b termination.o
 .debug_loclists
                0x00003463      0x6a3 C:/devkitPro/libctru/lib\libctru.a(srv.o)
 .debug_loclists
                0x00003b06     0x1730 C:/devkitPro/libctru/lib\libctru.a(synchronization.o)
 .debug_loclists
                0x00005236     0x4420 C:/devkitPro/libctru/lib\libctru.a(fs.o)
 .debug_loclists
                0x00009656      0x2b1 C:/devkitPro/libctru/lib\libctru.a(fsreg.o)
 .debug_loclists
                0x00009907      0x1d8 C:/devkitPro/libctru/lib\libctru.a(loader.o)
 .debug_loclists
                0x00009adf      0x23b C:/devkitPro/libctru/lib\libctru.a(srvpm.o)
 .debug_loclists
                0x00009d1a       0xa2 C:/devkitPro/libctru/lib\libctru.a(initArgv.o)
 .debug_loclists
                0x00009dbc       0xdf C:/devkitPro/libctru/lib\libctru.a(env.o)

.debug_rnglists
                0x00000000     0x2668
 .debug_rnglists
                0x00000000       0x43 exheader_info_heap.o
 .debug_rnglists
                0x00000043       0x46 firmlaunch.o
 .debug_rnglists
                0x00000089       0xa6 info.o
 .debug_rnglists
                0x0000012f      0x1aa launch.o
 .debug_rnglists
                0x000002d9       0x2c luma.o
 .debug_rnglists
                0x00000305       0x4a main.o
 .debug_rnglists
                0x0000034f       0xa2 manager.o
 .debug_rnglists
                0x000003f1       0x25 my_thread.o
 .debug_rnglists
                0x00000416       0x44 pmapp.o
 .debug_rnglists
                0x0000045a       0x20 pmdbg.o
 .debug_rnglists
                0x0000047a      0x100 process_data.o
 .debug_rnglists
                0x0000057a       0x8e process_monitor.o
 .debug_rnglists
                0x00000608       0xbb reslimit.o
 .debug_rnglists
                0x000006c3       0xd9 service_manager.o
 .debug_rnglists
                0x0000079c       0x40 task_runner.o
 .debug_rnglists
                0x000007dc      0x21c termination.o
 .debug_rnglists
                0x000009f8      0x17c C:/devkitPro/libctru/lib\libctru.a(srv.o)
 .debug_rnglists
                0x00000b74      0x3ef C:/devkitPro/libctru/lib\libctru.a(synchronization.o)
 .debug_rnglists
                0x00000f63     0x1287 C:/devkitPro/libctru/lib\libctru.a(fs.o)
 .debug_rnglists
                0x000021ea       0x9b C:/devkitPro/libctru/lib\libctru.a(fsreg.o)
 .debug_rnglists
                0x00002285       0x61 C:/devkitPro/libctru/lib\libctru.a(loader.o)
 .debug_rnglists
                0x000022e6       0xe9 C:/devkitPro/libctru/lib\libctru.a(srvpm.o)
 .debug_rnglists
                0x000023cf       0x20 C:/devkitPro/libctru/lib\libctru.a(initArgv.o)
 .debug_rnglists
                0x000023ef      0x25f C:/devkitPro/libctru/lib\libctru.a(svc.o)
 .debug_rnglists
                0x0000264e       0x1a C:/devkitPro/libctru/lib\libctru.a(env.o)

.debug_line_str
                0x00000000       0xb7
 .debug_line_str
                0x00000000       0xb7 C:/devkitPro/libctru/lib\libctru.a(svc.o)
