Archive member included to satisfy reference by file (symbol)

C:/devkitPro/libctru/lib\libctru.a(srv.o)
                              main.o (srvInit)
C:/devkitPro/libctru/lib\libctru.a(synchronization.o)
                              main.o (__sync_init)
C:/devkitPro/libctru/lib\libctru.a(fs.o)
                              bps_patcher.o (fsMakePath)
C:/devkitPro/libctru/lib\libctru.a(fsreg.o)
                              main.o (fsRegInit)
C:/devkitPro/libctru/lib\libctru.a(pxipm.o)
                              main.o (pxiPmInit)
C:/devkitPro/libctru/lib\libctru.a(srvpm.o)
                              C:/devkitPro/libctru/lib\libctru.a(srv.o) (srvPmGetSessionHandle)
C:/devkitPro/libctru/lib\libctru.a(utf8_to_utf16.o)
                              hbldr.o (utf8_to_utf16)
C:/devkitPro/libctru/lib\libctru.a(initArgv.o)
                              C:/devkitPro/devkitARM/bin/../lib/gcc/arm-none-eabi/14.2.0/../../../../arm-none-eabi/lib/armv6k/fpu/3dsx_crt0.o (__system_argc)
C:/devkitPro/libctru/lib\libctru.a(svc.o)
                              bps_patcher.o (svcControlMemory)
C:/devkitPro/libctru/lib\libctru.a(3dslink.o)
                              C:/devkitPro/libctru/lib\libctru.a(initArgv.o) (__3dslink_host)
C:/devkitPro/libctru/lib\libctru.a(env.o)
                              C:/devkitPro/libctru/lib\libctru.a(srv.o) (envGetHandle)
C:/devkitPro/libctru/lib\libctru.a(soc_connect.o)
                              C:/devkitPro/libctru/lib\libctru.a(3dslink.o) (connect)
C:/devkitPro/libctru/lib\libctru.a(soc_socket.o)
                              C:/devkitPro/libctru/lib\libctru.a(3dslink.o) (socket)
C:/devkitPro/libctru/lib\libctru.a(decode_utf8.o)
                              C:/devkitPro/libctru/lib\libctru.a(utf8_to_utf16.o) (decode_utf8)
C:/devkitPro/libctru/lib\libctru.a(encode_utf16.o)
                              C:/devkitPro/libctru/lib\libctru.a(utf8_to_utf16.o) (encode_utf16)
C:/devkitPro/libctru/lib\libctru.a(soc_common.o)
                              C:/devkitPro/libctru/lib\libctru.a(soc_connect.o) (_net_convert_error)
C:/devkitPro/devkitARM/bin/../lib/gcc/arm-none-eabi/14.2.0/armv6k/fpu\libgcc.a(_sync_dmb.o)
                              (__sync_synchronize_dmb)
C:/devkitPro/devkitARM/bin/../lib/gcc/arm-none-eabi/14.2.0/../../../../arm-none-eabi/lib/armv6k/fpu\libg.a(libc_a-strncmp.o)
                              C:/devkitPro/libctru/lib\libctru.a(initArgv.o) (strncmp)
C:/devkitPro/devkitARM/bin/../lib/gcc/arm-none-eabi/14.2.0/../../../../arm-none-eabi/lib/armv6k/fpu\libg.a(libc_a-strlen-stub.o)
                              patcher.o (strlen)
C:/devkitPro/devkitARM/bin/../lib/gcc/arm-none-eabi/14.2.0/../../../../arm-none-eabi/lib/armv6k/fpu\libg.a(libc_a-memmove.o)
                              patcher.o (memmove)
C:/devkitPro/devkitARM/bin/../lib/gcc/arm-none-eabi/14.2.0/../../../../arm-none-eabi/lib/armv6k/fpu\libg.a(libc_a-memcmp.o)
                              memory.o (memcmp)
C:/devkitPro/devkitARM/bin/../lib/gcc/arm-none-eabi/14.2.0/../../../../arm-none-eabi/lib/armv6k/fpu\libg.a(libc_a-strtoul.o)
                              C:/devkitPro/libctru/lib\libctru.a(initArgv.o) (strtoul)
C:/devkitPro/devkitARM/bin/../lib/gcc/arm-none-eabi/14.2.0/../../../../arm-none-eabi/lib/armv6k/fpu\libg.a(libc_a-sysclose.o)
                              C:/devkitPro/libctru/lib\libctru.a(3dslink.o) (close)
C:/devkitPro/devkitARM/bin/../lib/gcc/arm-none-eabi/14.2.0/../../../../arm-none-eabi/lib/armv6k/fpu\libg.a(libc_a-strnlen.o)
                              C:/devkitPro/libctru/lib\libctru.a(srv.o) (strnlen)
C:/devkitPro/devkitARM/bin/../lib/gcc/arm-none-eabi/14.2.0/../../../../arm-none-eabi/lib/armv6k/fpu\libg.a(libc_a-errno.o)
                              C:/devkitPro/libctru/lib\libctru.a(soc_connect.o) (__errno)
C:/devkitPro/devkitARM/bin/../lib/gcc/arm-none-eabi/14.2.0/../../../../arm-none-eabi/lib/armv6k/fpu\libg.a(libc_a-memcpy-stub.o)
                              bps_patcher.o (memcpy)
C:/devkitPro/devkitARM/bin/../lib/gcc/arm-none-eabi/14.2.0/../../../../arm-none-eabi/lib/armv6k/fpu\libg.a(libc_a-ctype_.o)
                              C:/devkitPro/devkitARM/bin/../lib/gcc/arm-none-eabi/14.2.0/../../../../arm-none-eabi/lib/armv6k/fpu\libg.a(libc_a-strtoul.o) (_ctype_)
C:/devkitPro/devkitARM/bin/../lib/gcc/arm-none-eabi/14.2.0/../../../../arm-none-eabi/lib/armv6k/fpu\libg.a(libc_a-memset.o)
                              bps_patcher.o (memset)
C:/devkitPro/devkitARM/bin/../lib/gcc/arm-none-eabi/14.2.0/../../../../arm-none-eabi/lib/armv6k/fpu\libg.a(libc_a-strncpy.o)
                              hbldr.o (strncpy)
C:/devkitPro/devkitARM/bin/../lib/gcc/arm-none-eabi/14.2.0/../../../../arm-none-eabi/lib/armv6k/fpu\libg.a(libc_a-strcmp.o)
                              patcher.o (strcmp)
C:/devkitPro/devkitARM/bin/../lib/gcc/arm-none-eabi/14.2.0/../../../../arm-none-eabi/lib/armv6k/fpu\libg.a(libc_a-fflush.o)
[...]
Memory Configuration

Name             Origin             Length             Attributes
*default*        0x00000000         0xffffffff

Linker script and memory map

                0x00000000                        __sync_synchronize = __sync_synchronize_dmb
                0x00100000                        PROVIDE (__start__ = 0x100000)
                0x00100000                        . = __start__

.text           0x14000000     0x65fc
 *(.crt0)
 .crt0          0x14000000       0x94 C:/devkitPro/devkitARM/bin/../lib/gcc/arm-none-eabi/14.2.0/../../../../arm-none-eabi/lib/armv6k/fpu/3dsx_crt0.o
                0x14000000                _start
                0x14000008                __service_ptr
                0x1400000c                __apt_appid
                0x14000010                __heap_size
                0x14000014                __linear_heap_size
                0x14000018                __system_arglist
                0x1400001c                __system_runflags
 *(.init)
 .init          0x14000094        0xc C:/devkitPro/devkitARM/bin/../lib/gcc/arm-none-eabi/14.2.0/armv6k/fpu/crti.o
                0x14000094                _init
 .init          0x140000a0        0xc C:/devkitPro/devkitARM/bin/../lib/gcc/arm-none-eabi/14.2.0/armv6k/fpu/crtn.o
                0x140000ac                        . = ALIGN (0x4)
 *(.text)
 *fill*         0x140000ac       0x14 
 .text          0x140000c0      0x390 C:/devkitPro/devkitARM/bin/../lib/gcc/arm-none-eabi/14.2.0/../../../../arm-none-eabi/lib/armv6k/fpu\libg.a(libc_a-strcmp.o)
                0x140000c8                strcmp
 *(.text.*)
 .text.__do_global_dtors_aux
                0x14000450       0x40 C:/devkitPro/devkitARM/bin/../lib/gcc/arm-none-eabi/14.2.0/armv6k/fpu/crtbegin.o
 .text.frame_dummy
                0x14000490       0x2c C:/devkitPro/devkitARM/bin/../lib/gcc/arm-none-eabi/14.2.0/armv6k/fpu/crtbegin.o
 .text._ZN7patcher3BpsL5crc32EPKhj
                0x140004bc       0x4c bps_patcher.o
 .text._ZN7patcher3Bps6StreamIKhE10ReadNumberEv
                0x14000508       0x4c bps_patcher.o
                0x14000508                patcher::Bps::Stream<unsigned char const>::ReadNumber()
 .text._ZN7patcher3Bps6StreamIhE8CopyFromIKhEEbRNS1_IT_EEj
                0x14000554       0x74 bps_patcher.o
                0x14000554                bool patcher::Bps::Stream<unsigned char>::CopyFrom<unsigned char const>(patcher::Bps::Stream<unsigned char const>&, unsigned int)
 .text.patcherApplyCodeBpsPatch
                0x140005c8      0x52c bps_patcher.o
                0x140005c8                patcherApplyCodeBpsPatch
 .text.Ldr_Get3dsxSize
                0x14000af4       0xbc 3dsx.o
                0x14000af4                Ldr_Get3dsxSize
 .text.Ldr_CodesetFrom3dsx
                0x14000bb0      0x4ec 3dsx.o
                0x14000bb0                Ldr_CodesetFrom3dsx
 .text.unlikely.panic.constprop.0
                0x1400109c        0x4 hbldr.o
 .text.hbldrPatchExHeaderInfo
                0x140010a0      0x1e8 hbldr.o
                0x140010a0                hbldrPatchExHeaderInfo
 .text.hbldrLoadProcess
                0x14001288      0x208 hbldr.o
                0x14001288                hbldrLoadProcess
 .text.hbldrHandleCommands
                0x14001490      0x110 hbldr.o
                0x14001490                hbldrHandleCommands
 .text.IFile_Read.part.0
                0x140015a0       0x88 ifile.o
 .text.IFile_Open
                0x14001628       0x70 ifile.o
                0x14001628                IFile_Open
 .text.IFile_Close
                0x14001698       0x28 ifile.o
                0x14001698                IFile_Close
 .text.IFile_GetSize
                0x140016c0       0x24 ifile.o
                0x140016c0                IFile_GetSize
 .text.IFile_Read
                0x140016e4       0x28 ifile.o
                0x140016e4                IFile_Read
 *fill*         0x1400170c        0x4 
 .text.IFile_ReadAt
                0x14001710       0x48 ifile.o
                0x14001710                IFile_ReadAt
 .text.IFile_Read2
                0x14001758       0x54 ifile.o
                0x14001758                IFile_Read2
 .text.lzss_decompress.isra.0
                0x140017ac       0xb0 loader.o
 .text.unlikely.panic.isra.0
                0x1400185c        0x4 loader.o
 .text.GetProgramInfo
                0x14001860      0x32c loader.o
 .text.plgldrInit
                0x14001b8c       0xa8 loader.o
                0x14001b8c                plgldrInit
 .text.loaderHandleCommands
                0x14001c34      0xa10 loader.o
                0x14001c34                loaderHandleCommands
 .text.unlikely.panic.isra.0
                0x14002644        0x4 main.o
 .text.__wrap_exit
                0x14002648        0x8 main.o
                0x14002648                __wrap_exit
 .text.initSystem
                0x14002650      0x2d0 main.o
                0x14002650                initSystem
 .text.startup.main
                0x14002920       0x6c main.o
                0x14002920                main
 .text.memsearch
                0x1400298c       0xd8 memory.o
                0x1400298c                memsearch
 .text.allocateProgramMemory
                0x14002a64       0x70 paslr.o
                0x14002a64                allocateProgramMemory
 .text.fileOpen.constprop.0
                0x14002ad4       0x70 patcher.o
 .text.applyCodeIpsPatch
                0x14002b44      0x2c4 patcher.o
 .text.openSysmoduleCxi
                0x14002e08       0x7c patcher.o
                0x14002e08                openSysmoduleCxi
 *fill*         0x14002e84        0x4 
 .text.readSysmoduleCxiNcchHeader
                0x14002e88       0x60 patcher.o
                0x14002e88                readSysmoduleCxiNcchHeader
 .text.readSysmoduleCxiExHeaderInfo
                0x14002ee8       0x70 patcher.o
                0x14002ee8                readSysmoduleCxiExHeaderInfo
 .text.readSysmoduleCxiCode
                0x14002f58      0x12c patcher.o
                0x14002f58                readSysmoduleCxiCode
 .text.loadTitleCodeSection
                0x14003084      0x114 patcher.o
                0x14003084                loadTitleCodeSection
 .text.loadTitleExheaderInfo
                0x14003198      0x114 patcher.o
                0x14003198                loadTitleExheaderInfo
 .text.patchCode
                0x140032ac     0x1704 patcher.o
                0x140032ac                patchCode
 .text.ServiceManager_Run
                0x140049b0      0x5a4 service_manager.o
                0x140049b0                ServiceManager_Run
 .text.progIdToStr
                0x14004f54       0x38 strings.o
                0x14004f54                progIdToStr
 .text.srvInit  0x14004f8c      0x12c C:/devkitPro/libctru/lib\libctru.a(srv.o)
                0x14004f8c                srvInit
 .text.srvEnableNotification
                0x140050b8       0x60 C:/devkitPro/libctru/lib\libctru.a(srv.o)
                0x140050b8                srvEnableNotification
 .text.srvRegisterService
                0x14005118       0x90 C:/devkitPro/libctru/lib\libctru.a(srv.o)
                0x14005118                srvRegisterService
 .text.srvUnregisterService
                0x140051a8       0x58 C:/devkitPro/libctru/lib\libctru.a(srv.o)
                0x140051a8                srvUnregisterService
 .text.srvGetServiceHandleDirect
                0x14005200       0xa0 C:/devkitPro/libctru/lib\libctru.a(srv.o)
                0x14005200                srvGetServiceHandleDirect
 .text.srvGetServiceHandle
                0x140052a0       0x38 C:/devkitPro/libctru/lib\libctru.a(srv.o)
                0x140052a0                srvGetServiceHandle
 .text.srvSubscribe
                0x140052d8       0x34 C:/devkitPro/libctru/lib\libctru.a(srv.o)
                0x140052d8                srvSubscribe
 .text.srvUnsubscribe
                0x1400530c       0x34 C:/devkitPro/libctru/lib\libctru.a(srv.o)
                0x1400530c                srvUnsubscribe
 .text.srvReceiveNotification
                0x14005340       0x60 C:/devkitPro/libctru/lib\libctru.a(srv.o)
                0x14005340                srvReceiveNotification
 .text.__sync_init
                0x140053a0        0xc C:/devkitPro/libctru/lib\libctru.a(synchronization.o)
                0x140053a0                __sync_init
 .text.fsMakePath
                0x140053ac       0x84 C:/devkitPro/libctru/lib\libctru.a(fs.o)
                0x140053ac                fsMakePath
 .text.fsGetSessionHandle
                0x14005430        0xc C:/devkitPro/libctru/lib\libctru.a(fs.o)
                0x14005430                fsGetSessionHandle
 .text.FSUSER_OpenFileDirectly
                0x1400543c       0xd4 C:/devkitPro/libctru/lib\libctru.a(fs.o)
                0x1400543c                FSUSER_OpenFileDirectly
 .text.FSUSER_OpenDirectory
                0x14005510       0xb4 C:/devkitPro/libctru/lib\libctru.a(fs.o)
                0x14005510                FSUSER_OpenDirectory
 .text.FSUSER_OpenArchive
                0x140055c4       0x94 C:/devkitPro/libctru/lib\libctru.a(fs.o)
                0x140055c4                FSUSER_OpenArchive
 .text.FSUSER_CloseArchive
                0x14005658       0x8c C:/devkitPro/libctru/lib\libctru.a(fs.o)
                0x14005658                FSUSER_CloseArchive
 .text.FSUSER_InitializeWithSdkVersion
                0x140056e4       0x30 C:/devkitPro/libctru/lib\libctru.a(fs.o)
                0x140056e4                FSUSER_InitializeWithSdkVersion
 .text.FSUSER_SetPriority
                0x14005714       0x48 C:/devkitPro/libctru/lib\libctru.a(fs.o)
                0x14005714                FSUSER_SetPriority
 .text.FSFILE_Read
                0x1400575c       0x58 C:/devkitPro/libctru/lib\libctru.a(fs.o)
                0x1400575c                FSFILE_Read
 .text.FSFILE_GetSize
                0x140057b4       0x38 C:/devkitPro/libctru/lib\libctru.a(fs.o)
                0x140057b4                FSFILE_GetSize
 .text.FSFILE_Close
                0x140057ec       0x3c C:/devkitPro/libctru/lib\libctru.a(fs.o)
                0x140057ec                FSFILE_Close
 .text.FSDIR_Close
                0x14005828       0x3c C:/devkitPro/libctru/lib\libctru.a(fs.o)
                0x14005828                FSDIR_Close
 .text.fsRegInit
                0x14005864       0x74 C:/devkitPro/libctru/lib\libctru.a(fsreg.o)
                0x14005864                fsRegInit
 .text.FSREG_Register
                0x140058d8       0xa0 C:/devkitPro/libctru/lib\libctru.a(fsreg.o)
                0x140058d8                FSREG_Register
 .text.FSREG_GetProgramInfo
                0x14005978       0x5c C:/devkitPro/libctru/lib\libctru.a(fsreg.o)
                0x14005978                FSREG_GetProgramInfo
 .text.FSREG_LoadProgram
                0x140059d4       0x5c C:/devkitPro/libctru/lib\libctru.a(fsreg.o)
                0x140059d4                FSREG_LoadProgram
 .text.FSREG_UnloadProgram
                0x14005a30       0x38 C:/devkitPro/libctru/lib\libctru.a(fsreg.o)
                0x14005a30                FSREG_UnloadProgram
 .text.FSREG_CheckHostLoadId
                0x14005a68       0x38 C:/devkitPro/libctru/lib\libctru.a(fsreg.o)
                0x14005a68                FSREG_CheckHostLoadId
 .text.pxiPmInit
                0x14005aa0       0x74 C:/devkitPro/libctru/lib\libctru.a(pxipm.o)
                0x14005aa0                pxiPmInit
 .text.PXIPM_GetProgramInfo
                0x14005b14       0x48 C:/devkitPro/libctru/lib\libctru.a(pxipm.o)
                0x14005b14                PXIPM_GetProgramInfo
 .text.PXIPM_RegisterProgram
                0x14005b5c       0x7c C:/devkitPro/libctru/lib\libctru.a(pxipm.o)
                0x14005b5c                PXIPM_RegisterProgram
 .text.PXIPM_UnregisterProgram
                0x14005bd8       0x38 C:/devkitPro/libctru/lib\libctru.a(pxipm.o)
                0x14005bd8                PXIPM_UnregisterProgram
 .text.srvPmGetSessionHandle
                0x14005c10        0xc C:/devkitPro/libctru/lib\libctru.a(srvpm.o)
                0x14005c10                srvPmGetSessionHandle
 .text.utf8_to_utf16
                0x14005c1c       0xc0 C:/devkitPro/libctru/lib\libctru.a(utf8_to_utf16.o)
                0x14005c1c                utf8_to_utf16
 .text.svcControlMemory
                0x14005cdc       0x20 C:/devkitPro/libctru/lib\libctru.a(svc.o)
                0x14005cdc                svcControlMemory
 .text.svcExitProcess
                0x14005cfc        0x8 C:/devkitPro/libctru/lib\libctru.a(svc.o)
                0x14005cfc                svcExitProcess
 .text.svcSleepThread
                0x14005d04        0x8 C:/devkitPro/libctru/lib\libctru.a(svc.o)
                0x14005d04                svcSleepThread
 .text.svcCreateAddressArbiter
                0x14005d0c       0x14 C:/devkitPro/libctru/lib\libctru.a(svc.o)
                0x14005d0c                svcCreateAddressArbiter
 .text.svcCloseHandle
                0x14005d20        0x8 C:/devkitPro/libctru/lib\libctru.a(svc.o)
                0x14005d20                svcCloseHandle
 .text.svcDuplicateHandle
                0x14005d28       0x14 C:/devkitPro/libctru/lib\libctru.a(svc.o)
                0x14005d28                svcDuplicateHandle
 .text.svcGetSystemInfo
                0x14005d3c       0x18 C:/devkitPro/libctru/lib\libctru.a(svc.o)
                0x14005d3c                svcGetSystemInfo
 .text.svcConnectToPort
                0x14005d54       0x14 C:/devkitPro/libctru/lib\libctru.a(svc.o)
                0x14005d54                svcConnectToPort
 .text.svcSendSyncRequest
                0x14005d68        0x8 C:/devkitPro/libctru/lib\libctru.a(svc.o)
                0x14005d68                svcSendSyncRequest
 .text.svcGetProcessId
                0x14005d70       0x14 C:/devkitPro/libctru/lib\libctru.a(svc.o)
                0x14005d70                svcGetProcessId
 .text.svcBreak
                0x14005d84        0x8 C:/devkitPro/libctru/lib\libctru.a(svc.o)
                0x14005d84                svcBreak
 .text.svcCreatePort
                0x14005d8c       0x20 C:/devkitPro/libctru/lib\libctru.a(svc.o)
                0x14005d8c                svcCreatePort
 .text.svcAcceptSession
                0x14005dac       0x18 C:/devkitPro/libctru/lib\libctru.a(svc.o)
                0x14005dac                svcAcceptSession
 .text.svcReplyAndReceive
                0x14005dc4       0x18 C:/devkitPro/libctru/lib\libctru.a(svc.o)
                0x14005dc4                svcReplyAndReceive
 .text.svcCreateCodeSet
                0x14005ddc       0x1c C:/devkitPro/libctru/lib\libctru.a(svc.o)
                0x14005ddc                svcCreateCodeSet
 .text.svcCreateProcess
                0x14005df8       0x18 C:/devkitPro/libctru/lib\libctru.a(svc.o)
                0x14005df8                svcCreateProcess
 .text.svcKernelSetState
                0x14005e10        0x8 C:/devkitPro/libctru/lib\libctru.a(svc.o)
                0x14005e10                svcKernelSetState
 .text.envGetHandle
                0x14005e18       0x84 C:/devkitPro/libctru/lib\libctru.a(env.o)
                0x14005e18                envGetHandle
 .text.decode_utf8
                0x14005e9c      0x13c C:/devkitPro/libctru/lib\libctru.a(decode_utf8.o)
                0x14005e9c                decode_utf8
 .text.encode_utf16
                0x14005fd8       0x54 C:/devkitPro/libctru/lib\libctru.a(encode_utf16.o)
                0x14005fd8                encode_utf16
 .text.strlen   0x1400602c       0x5c C:/devkitPro/devkitARM/bin/../lib/gcc/arm-none-eabi/14.2.0/../../../../arm-none-eabi/lib/armv6k/fpu\libg.a(libc_a-strlen-stub.o)
                0x1400602c                strlen
 .text.memmove  0x14006088      0x160 C:/devkitPro/devkitARM/bin/../lib/gcc/arm-none-eabi/14.2.0/../../../../arm-none-eabi/lib/armv6k/fpu\libg.a(libc_a-memmove.o)
                0x14006088                memmove
 .text.memcmp   0x140061e8       0xd4 C:/devkitPro/devkitARM/bin/../lib/gcc/arm-none-eabi/14.2.0/../../../../arm-none-eabi/lib/armv6k/fpu\libg.a(libc_a-memcmp.o)
                0x140061e8                memcmp
 .text.strnlen  0x140062bc       0x4c C:/devkitPro/devkitARM/bin/../lib/gcc/arm-none-eabi/14.2.0/../../../../arm-none-eabi/lib/armv6k/fpu\libg.a(libc_a-strnlen.o)
                0x140062bc                strnlen
 .text.memcpy   0x14006308      0x130 C:/devkitPro/devkitARM/bin/../lib/gcc/arm-none-eabi/14.2.0/../../../../arm-none-eabi/lib/armv6k/fpu\libg.a(libc_a-memcpy-stub.o)
                0x14006308                memcpy
 .text.memset   0x14006438       0xe8 C:/devkitPro/devkitARM/bin/../lib/gcc/arm-none-eabi/14.2.0/../../../../arm-none-eabi/lib/armv6k/fpu\libg.a(libc_a-memset.o)
                0x14006438                memset
 .text.strncpy  0x14006520       0xc4 C:/devkitPro/devkitARM/bin/../lib/gcc/arm-none-eabi/14.2.0/../../../../arm-none-eabi/lib/armv6k/fpu\libg.a(libc_a-strncpy.o)
                0x14006520                strncpy
 *(.glue_7)
 .glue_7        0x140065e4        0x0 linker stubs
 *(.glue_7t)
 .glue_7t       0x140065e4        0x0 linker stubs
 *(.stub)
 *(.gnu.warning)
 *(.gnu.linkonce.t*)
                0x140065e4                        . = ALIGN (0x4)
 *(.fini)
 .fini          0x140065e4        0xc C:/devkitPro/devkitARM/bin/../lib/gcc/arm-none-eabi/14.2.0/armv6k/fpu/crti.o
                0x140065e4                _fini
 .fini          0x140065f0        0xc C:/devkitPro/devkitARM/bin/../lib/gcc/arm-none-eabi/14.2.0/armv6k/fpu/crtn.o
                0x140065fc                        . = ALIGN (0x4)

.vfp11_veneer   0x140065fc        0x0
 .vfp11_veneer  0x140065fc        0x0 linker stubs

.v4_bx          0x140065fc        0x0
 .v4_bx         0x140065fc        0x0 linker stubs

.iplt           0x140065fc        0x0
 .iplt          0x140065fc        0x0 C:/devkitPro/devkitARM/bin/../lib/gcc/arm-none-eabi/14.2.0/../../../../arm-none-eabi/lib/armv6k/fpu/3dsx_crt0.o
                0x14007000                        . = ALIGN (0x1000)

.rodata         0x14007000      0xb8c
 *(.rodata)
 .rodata        0x14007000        0xc bps_patcher.o
 .rodata        0x1400700c       0x18 patcher.o
 *(.roda)
 *(.rodata.*)
 .rodata.patcherApplyCodeBpsPatch.str1.4
                0x14007024      0x516 bps_patcher.o
                                 0x4e (size before relaxing)
 .rodata.str1.4
                0x1400753a        0x1 bps_patcher.o
 .rodata.hbldrPatchExHeaderInfo.str1.4
                0x1400753a        0x9 hbldr.o
 *fill*         0x1400753a        0x2 
 .rodata.hbldrLoadProcess.str2.4
                0x1400753c       0x52 hbldr.o
                                 0x16 (size before relaxing)
 .rodata.hbldrLoadProcess.str1.4
                0x1400758e       0x11 hbldr.o
 *fill*         0x1400758e        0x2 
 .rodata.kernelCaps
                0x14007590       0x48 hbldr.o
 .rodata.dependencyListSafeFirmUids
                0x140075d8       0x2c hbldr.o
 .rodata.dependencyListNativeFirmUids
                0x14007604       0x48 hbldr.o
 .rodata.serviceList
                0x1400764c      0x110 hbldr.o
 .rodata.plgldrInit.str1.4
                0x1400775c        0x8 loader.o
 .rodata.loaderHandleCommands
                0x1400775c        0x3 loader.o
 *fill*         0x1400775f        0x1 
 .rodata.codeContentPath
                0x14007760        0xc loader.o
 .rodata.initSystem.str1.4
                0x1400776c        0x7 main.o
 .rodata.notifications
                0x1400776c        0x8 main.o
 .rodata.str1.4
                0x14007774        0xf main.o
 .rodata.services
                0x14007774       0x30 main.o
 .rodata.fileOpen.constprop.0.str1.4
                0x140077a4        0x1 patcher.o
 .rodata.applyCodeIpsPatch.str1.4
                0x140077a4       0x5a patcher.o
 .rodata.openSysmoduleCxi.str1.4
                0x140077a4       0x26 patcher.o
 .rodata.readSysmoduleCxiCode.str1.4
                0x140077a4        0x6 patcher.o
 .rodata.loadTitleCodeSection.str1.4
                0x140077a4       0x27 patcher.o
 .rodata.loadTitleExheaderInfo.str1.4
                0x140077a4       0x2b patcher.o
 .rodata.patchCode.str2.4
                0x140077a4        0xa patcher.o
 .rodata.patchCode.str1.4
                0x140077a4       0x99 patcher.o
 .rodata.str1.4
                0x140077a4      0x2f9 patcher.o
 .rodata.updateRomFsMounts.0
                0x140077a4       0x18 patcher.o
 .rodata.countries.1
                0x140077bc      0x2ec patcher.o
 .rodata.languages.2
                0x14007aa8       0x34 patcher.o
 .rodata.regions.3
                0x14007adc       0x20 patcher.o
 .rodata.paths.6
                0x14007afc       0x14 patcher.o
 .rodata.pattern.8
                0x14007b10        0x5 patcher.o
 *fill*         0x14007b15        0x3 
 .rodata.pattern3.10
                0x14007b18        0x1 patcher.o
 *fill*         0x14007b19        0x3 
 .rodata.pattern2.11
                0x14007b1c        0xc patcher.o
 .rodata.pattern.13
                0x14007b28        0x4 patcher.o
 .rodata.pattern3.14
                0x14007b2c        0x4 patcher.o
 .rodata.pattern2.15
                0x14007b30        0x4 patcher.o
 .rodata.pattern.17
                0x14007b34        0x4 patcher.o
 .rodata.pattern.19
                0x14007b38        0x8 patcher.o
 .rodata.pattern.21
                0x14007b40        0x4 patcher.o
 .rodata.pattern.22
                0x14007b44        0x4 patcher.o
 .rodata.pattern.23
                0x14007b48        0x4 patcher.o
 .rodata.pattern.25
                0x14007b4c        0x4 patcher.o
 .rodata.pattern.26
                0x14007b50        0x6 patcher.o
 .rodata.str2.4
                0x14007b56       0x2e patcher.o
 *fill*         0x14007b56        0x2 
 .rodata.verStringNandEmu.27
                0x14007b58       0x10 patcher.o
 .rodata.pattern.28
                0x14007b68        0x6 patcher.o
 *fill*         0x14007b6e        0x2 
 .rodata.pattern.30
                0x14007b70        0x4 patcher.o
 .rodata.hexDigits.0
                0x14007b74       0x11 strings.o
 .rodata.srvInit.str1.4
                0x14007b85        0x5 C:/devkitPro/libctru/lib\libctru.a(srv.o)
 .rodata.fsMakePath.str1.4
                0x14007b85        0x1 C:/devkitPro/libctru/lib\libctru.a(fs.o)
 .rodata.fsRegInit.str1.4
                0x14007b85        0x7 C:/devkitPro/libctru/lib\libctru.a(fsreg.o)
 .rodata.pxiPmInit.str1.4
                0x14007b85        0x6 C:/devkitPro/libctru/lib\libctru.a(pxipm.o)
 *all.rodata*(*)
 *(.gnu.linkonce.r*)
                0x14007b8c                        . = ALIGN (0x4)
 *fill*         0x14007b85        0x3 
                0x14007b88                        __tdata_align = .
                0x14007b88        0x4 LONG 0x4 ALIGNOF (.tdata)
                0x14007b8c                        . = ALIGN (0x4)

.eh_frame       0x14007b8c        0x0
 .eh_frame      0x14007b8c        0x0 C:/devkitPro/devkitARM/bin/../lib/gcc/arm-none-eabi/14.2.0/armv6k/fpu/crtbegin.o

.rel.dyn        0x14007b8c        0x0
 .rel.iplt      0x14007b8c        0x0 C:/devkitPro/devkitARM/bin/../lib/gcc/arm-none-eabi/14.2.0/../../../../arm-none-eabi/lib/armv6k/fpu/3dsx_crt0.o

.ARM.extab
 *(.ARM.extab* .gnu.linkonce.armextab.*)
                0x14007b8c                        __exidx_start = .

.ARM.exidx
 *(.ARM.exidx* .gnu.linkonce.armexidx.*)
                0x14007b8c                        __exidx_end = .
                0x14008000                        . = ALIGN (0x1000)

.data           0x14008000      0x120
 *(.data)
 *(.data.*)
 .data.romfsRedirPatch
                0x14008000      0x120 romfsredir.o
                0x14008000                romfsRedirPatch
                0x14008004                romfsRedirPatchSubstituted1
                0x14008008                romfsRedirPatchHook1
                0x14008010                romfsRedirPatchSubstituted2
                0x14008014                romfsRedirPatchHook2
                0x14008100                romfsRedirPatchArchiveName
                0x14008104                romfsRedirPatchFsMountArchive
                0x14008108                romfsRedirPatchFsRegisterArchive
                0x1400810c                romfsRedirPatchArchiveId
                0x14008110                romfsRedirPatchRomFsMount
                0x14008114                romfsRedirPatchUpdateRomFsMount
                0x14008118                romfsRedirPatchCustomPath
                0x1400811c                romfsRedirPatchSize
 *(.gnu.linkonce.d*)
                0x14008120                        . = ALIGN (0x4)

.igot.plt       0x14008120        0x0
 .igot.plt      0x14008120        0x0 C:/devkitPro/devkitARM/bin/../lib/gcc/arm-none-eabi/14.2.0/../../../../arm-none-eabi/lib/armv6k/fpu/3dsx_crt0.o

.tdata          0x14008120        0x0
                0x14008120                        __tdata_lma = .
 *(.tdata)
 *(.tdata.*)
 *(.gnu.linkonce.td.*)
                0x14008120                        . = ALIGN (0x4)
                0x14008120                        __tdata_lma_end = .

.tbss           0x14008120        0x0
 *(.tbss)
 *(.tbss.*)
 *(.gnu.linkonce.tb.*)
 *(.tcommon)
                0x14008120                        . = ALIGN (0x4)

.preinit_array  0x14008120        0x0
                [!provide]                        PROVIDE (__preinit_array_start = .)
 *(.preinit_array)
                [!provide]                        PROVIDE (__preinit_array_end = .)

.init_array     0x14008120        0x4
                [!provide]                        PROVIDE (__init_array_start = .)
 *(SORT_BY_NAME(.init_array.*))
 *(.init_array)
 .init_array    0x14008120        0x4 C:/devkitPro/devkitARM/bin/../lib/gcc/arm-none-eabi/14.2.0/armv6k/fpu/crtbegin.o
                [!provide]                        PROVIDE (__init_array_end = .)

.fini_array     0x14008124        0x4
                [!provide]                        PROVIDE (__fini_array_start = .)
 *(.fini_array)
 .fini_array    0x14008124        0x4 C:/devkitPro/devkitARM/bin/../lib/gcc/arm-none-eabi/14.2.0/armv6k/fpu/crtbegin.o
 *(SORT_BY_NAME(.fini_array.*))
                [!provide]                        PROVIDE (__fini_array_end = .)

.ctors
 *crtbegin.o(.ctors)
 *(EXCLUDE_FILE(*crtend.o) .ctors)
 *(SORT_BY_NAME(.ctors.*))
 *(.ctors)

.dtors
 *crtbegin.o(.dtors)
 *(EXCLUDE_FILE(*crtend.o) .dtors)
 *(SORT_BY_NAME(.dtors.*))
 *(.dtors)
                0x14008128                        __bss_start__ = .

.bss            0x14008128     0x1d18
 *(.dynbss)
 *(.bss)
 *(.bss.*)
 .bss.completed.1
                0x14008128        0x1 C:/devkitPro/devkitARM/bin/../lib/gcc/arm-none-eabi/14.2.0/armv6k/fpu/crtbegin.o
 *fill*         0x14008129        0x3 
 .bss.object.0  0x1400812c       0x18 C:/devkitPro/devkitARM/bin/../lib/gcc/arm-none-eabi/14.2.0/armv6k/fpu/crtbegin.o
 .bss.ldrArgvBuf
                0x14008144      0x400 3dsx.o
                0x14008144                ldrArgvBuf
 .bss.s_relocBuf
                0x14008544      0x800 3dsx.o
 .bss.hbldrTarget
                0x14008d44      0x200 hbldr.o
 .bss.plgldrHandle
                0x14008f44        0x4 loader.o
 .bss.plgldrRefcount
                0x14008f48        0x4 loader.o
 .bss.g_cached_sysmoduleCxiNcch
                0x14008f4c      0x200 loader.o
 *fill*         0x1400914c        0x4 
 .bss.g_cached_sysmoduleCxiCookie
                0x14009150        0x8 loader.o
 .bss.g_cached_sysmoduleCxiFile
                0x14009158       0x18 loader.o
 .bss.g_lastAppExheaderInfo
                0x14009170      0x400 loader.o
 .bss.g_exheaderInfo
                0x14009570      0x400 loader.o
 .bss.g_cached_programHandle
                0x14009970        0x8 loader.o
 .bss.g_memoryOverrideConfig
                0x14009978        0x4 loader.o
 .bss.staticBufferForHbldr
                0x1400997c      0x400 main.o
 .bss.isLumaWithKext
                0x14009d7c        0x1 main.o
                0x14009d7c                isLumaWithKext
 .bss.nextGamePatchDisabled
                0x14009d7d        0x1 main.o
                0x14009d7d                nextGamePatchDisabled
 .bss.isSdMode  0x14009d7e        0x1 main.o
                0x14009d7e                isSdMode
 .bss.isN3DS    0x14009d7f        0x1 main.o
                0x14009d7f                isN3DS
 .bss.bootConfig
                0x14009d80        0x4 main.o
                0x14009d80                bootConfig
 .bss.multiConfig
                0x14009d84        0x4 main.o
                0x14009d84                multiConfig
 .bss.config    0x14009d88        0x4 main.o
                0x14009d88                config
 .bss.exists.4  0x14009d8c        0x1 patcher.o
 *fill*         0x14009d8d        0x3 
 .bss.srvRefCount
                0x14009d90        0x4 C:/devkitPro/libctru/lib\libctru.a(srv.o)
 .bss.srvHandle
                0x14009d94        0x4 C:/devkitPro/libctru/lib\libctru.a(srv.o)
 .bss.arbiter   0x14009d98        0x4 C:/devkitPro/libctru/lib\libctru.a(synchronization.o)
 *fill*         0x14009d9c        0x4 
 .bss.fsExemptArchives
                0x14009da0       0x80 C:/devkitPro/libctru/lib\libctru.a(fs.o)
 .bss.fsuHandle
                0x14009e20        0x4 C:/devkitPro/libctru/lib\libctru.a(fs.o)
 .bss.fsRegRefCount
                0x14009e24        0x4 C:/devkitPro/libctru/lib\libctru.a(fsreg.o)
 .bss.fsRegHandle
                0x14009e28        0x4 C:/devkitPro/libctru/lib\libctru.a(fsreg.o)
 .bss.pxiPmRefCount
                0x14009e2c        0x4 C:/devkitPro/libctru/lib\libctru.a(pxipm.o)
 .bss.pxiPmHandle
                0x14009e30        0x4 C:/devkitPro/libctru/lib\libctru.a(pxipm.o)
 .bss.srvPmHandle
                0x14009e34        0x4 C:/devkitPro/libctru/lib\libctru.a(srvpm.o)
 .bss.__system_argv
                0x14009e38        0x4 C:/devkitPro/libctru/lib\libctru.a(initArgv.o)
                0x14009e38                __system_argv
 .bss.__system_argc
                0x14009e3c        0x4 C:/devkitPro/libctru/lib\libctru.a(initArgv.o)
                0x14009e3c                __system_argc
 *(.gnu.linkonce.b*)
 *(COMMON)
                0x14009e40                        . = (0x8 + ABSOLUTE (ALIGN (ABSOLUTE ((. - 0x8)), MAX (ALIGNOF (.tdata), ALIGNOF (.tbss)))))
                0x14009e40                        __tls_start = .
                0x14009e40                        . = (. + SIZEOF (.tdata))
                0x14009e40                        . = ALIGN (ALIGNOF (.tbss))
                0x14009e40                        . = (. + SIZEOF (.tbss))
                0x14009e40                        __tls_end = .
                0x14009e40                        __bss_end__ = .
                0x14009e40                        __end__ = ABSOLUTE (.)

/DISCARD/
 *(.group .comment .note)

.stab
 *(.stab)

.stabstr
 *(.stabstr)

.stab.excl
 *(.stab.excl)

.stab.exclstr
 *(.stab.exclstr)

.stab.index
 *(.stab.index)

.stab.indexstr
 *(.stab.indexstr)

.debug
 *(.debug)

.line
 *(.line)

.debug_srcinfo
 *(.debug_srcinfo)

.debug_sfnames
 *(.debug_sfnames)

.debug_aranges  0x00000000      0xcb0
 *(.debug_aranges)
 .debug_aranges
                0x00000000       0x40 bps_patcher.o
 .debug_aranges
                0x00000040       0x28 3dsx.o
 .debug_aranges
                0x00000068       0x38 hbldr.o
 .debug_aranges
                0x000000a0       0x68 ifile.o
 .debug_aranges
                0x00000108       0x50 loader.o
 .debug_aranges
                0x00000158       0x40 main.o
 .debug_aranges
                0x00000198       0x20 memory.o
 .debug_aranges
                0x000001b8       0x20 paslr.o
 .debug_aranges
                0x000001d8       0x60 patcher.o
 .debug_aranges
                0x00000238       0x20 service_manager.o
 .debug_aranges
                0x00000258       0x20 strings.o
 .debug_aranges
                0x00000278       0xc0 C:/devkitPro/libctru/lib\libctru.a(srv.o)
 .debug_aranges
                0x00000338       0xf0 C:/devkitPro/libctru/lib\libctru.a(synchronization.o)
 .debug_aranges
                0x00000428      0x3b8 C:/devkitPro/libctru/lib\libctru.a(fs.o)
 .debug_aranges
                0x000007e0       0x60 C:/devkitPro/libctru/lib\libctru.a(fsreg.o)
 .debug_aranges
                0x00000840       0x48 C:/devkitPro/libctru/lib\libctru.a(pxipm.o)
 .debug_aranges
                0x00000888       0x50 C:/devkitPro/libctru/lib\libctru.a(srvpm.o)
 .debug_aranges
                0x000008d8       0x20 C:/devkitPro/libctru/lib\libctru.a(utf8_to_utf16.o)
 .debug_aranges
                0x000008f8       0x20 C:/devkitPro/libctru/lib\libctru.a(initArgv.o)
 .debug_aranges
                0x00000918      0x330 C:/devkitPro/libctru/lib\libctru.a(svc.o)
 .debug_aranges
                0x00000c48       0x28 C:/devkitPro/libctru/lib\libctru.a(env.o)
 .debug_aranges
                0x00000c70       0x20 C:/devkitPro/libctru/lib\libctru.a(decode_utf8.o)
 .debug_aranges
                0x00000c90       0x20 C:/devkitPro/libctru/lib\libctru.a(encode_utf16.o)

.debug_pubnames
 *(.debug_pubnames)

.debug_info     0x00000000    0x23ae1
 *(.debug_info)
 .debug_info    0x00000000     0x82f2 bps_patcher.o
 .debug_info    0x000082f2      0xba6 3dsx.o
 .debug_info    0x00008e98     0x18e2 hbldr.o
 .debug_info    0x0000a77a      0xb4a ifile.o
 .debug_info    0x0000b2c4     0x2ddf loader.o
 .debug_info    0x0000e0a3      0xf01 main.o
 .debug_info    0x0000efa4      0x227 memory.o
 .debug_info    0x0000f1cb      0xafe paslr.o
 .debug_info    0x0000fcc9     0x383d patcher.o
 .debug_info    0x00013506      0x779 service_manager.o
 .debug_info    0x00013c7f      0x140 strings.o
 .debug_info    0x00013dbf     0x1af2 C:/devkitPro/libctru/lib\libctru.a(srv.o)
 .debug_info    0x000158b1     0x2956 C:/devkitPro/libctru/lib\libctru.a(synchronization.o)
 .debug_info    0x00018207     0x8f48 C:/devkitPro/libctru/lib\libctru.a(fs.o)
 .debug_info    0x0002114f      0xccf C:/devkitPro/libctru/lib\libctru.a(fsreg.o)
 .debug_info    0x00021e1e      0xa63 C:/devkitPro/libctru/lib\libctru.a(pxipm.o)
 .debug_info    0x00022881      0x872 C:/devkitPro/libctru/lib\libctru.a(srvpm.o)
 .debug_info    0x000230f3      0x205 C:/devkitPro/libctru/lib\libctru.a(utf8_to_utf16.o)
 .debug_info    0x000232f8      0x2bc C:/devkitPro/libctru/lib\libctru.a(initArgv.o)
 .debug_info    0x000235b4       0x23 C:/devkitPro/libctru/lib\libctru.a(svc.o)
 .debug_info    0x000235d7      0x2a9 C:/devkitPro/libctru/lib\libctru.a(env.o)
 .debug_info    0x00023880      0x158 C:/devkitPro/libctru/lib\libctru.a(decode_utf8.o)
 .debug_info    0x000239d8      0x109 C:/devkitPro/libctru/lib\libctru.a(encode_utf16.o)

.debug_abbrev   0x00000000     0x4932
 *(.debug_abbrev)
 .debug_abbrev  0x00000000      0xade bps_patcher.o
 .debug_abbrev  0x00000ade      0x2dd 3dsx.o
 .debug_abbrev  0x00000dbb      0x492 hbldr.o
 .debug_abbrev  0x0000124d      0x263 ifile.o
 .debug_abbrev  0x000014b0      0x54d loader.o
 .debug_abbrev  0x000019fd      0x43a main.o
 .debug_abbrev  0x00001e37      0x131 memory.o
 .debug_abbrev  0x00001f68      0x293 paslr.o
 .debug_abbrev  0x000021fb      0x5b1 patcher.o
 .debug_abbrev  0x000027ac      0x25c service_manager.o
 .debug_abbrev  0x00002a08       0xb5 strings.o
 .debug_abbrev  0x00002abd      0x514 C:/devkitPro/libctru/lib\libctru.a(srv.o)
 .debug_abbrev  0x00002fd1      0x4f2 C:/devkitPro/libctru/lib\libctru.a(synchronization.o)
 .debug_abbrev  0x000034c3      0x625 C:/devkitPro/libctru/lib\libctru.a(fs.o)
 .debug_abbrev  0x00003ae8      0x320 C:/devkitPro/libctru/lib\libctru.a(fsreg.o)
 .debug_abbrev  0x00003e08      0x2c5 C:/devkitPro/libctru/lib\libctru.a(pxipm.o)
 .debug_abbrev  0x000040cd      0x2f1 C:/devkitPro/libctru/lib\libctru.a(srvpm.o)
 .debug_abbrev  0x000043be      0x104 C:/devkitPro/libctru/lib\libctru.a(utf8_to_utf16.o)
 .debug_abbrev  0x000044c2      0x198 C:/devkitPro/libctru/lib\libctru.a(initArgv.o)
 .debug_abbrev  0x0000465a       0x12 C:/devkitPro/libctru/lib\libctru.a(svc.o)
 .debug_abbrev  0x0000466c      0x1bf C:/devkitPro/libctru/lib\libctru.a(env.o)
 .debug_abbrev  0x0000482b       0x93 C:/devkitPro/libctru/lib\libctru.a(decode_utf8.o)
 .debug_abbrev  0x000048be       0x74 C:/devkitPro/libctru/lib\libctru.a(encode_utf16.o)

.debug_line     0x00000000    0x11aed
 *(.debug_line)
 .debug_line    0x00000000      0xc91 bps_patcher.o
 .debug_line    0x00000c91      0x748 3dsx.o
 .debug_line    0x000013d9      0x81c hbldr.o
 .debug_line    0x00001bf5      0x4d8 ifile.o
 .debug_line    0x000020cd     0x12e1 loader.o
 .debug_line    0x000033ae      0x661 main.o
 .debug_line    0x00003a0f      0x236 memory.o
 .debug_line    0x00003c45      0x1ee paslr.o
 .debug_line    0x00003e33     0x1ad3 patcher.o
 .debug_line    0x00005906      0x682 service_manager.o
 .debug_line    0x00005f88      0x15a strings.o
 .debug_line    0x000060e2      0xff2 C:/devkitPro/libctru/lib\libctru.a(srv.o)
 .debug_line    0x000070d4     0x170c C:/devkitPro/libctru/lib\libctru.a(synchronization.o)
 .debug_line    0x000087e0     0x6c12 C:/devkitPro/libctru/lib\libctru.a(fs.o)
 .debug_line    0x0000f3f2      0x69b C:/devkitPro/libctru/lib\libctru.a(fsreg.o)
 .debug_line    0x0000fa8d      0x4c5 C:/devkitPro/libctru/lib\libctru.a(pxipm.o)
 .debug_line    0x0000ff52      0x6b8 C:/devkitPro/libctru/lib\libctru.a(srvpm.o)
 .debug_line    0x0001060a      0x2aa C:/devkitPro/libctru/lib\libctru.a(utf8_to_utf16.o)
 .debug_line    0x000108b4      0x42a C:/devkitPro/libctru/lib\libctru.a(initArgv.o)
 .debug_line    0x00010cde      0x78f C:/devkitPro/libctru/lib\libctru.a(svc.o)
 .debug_line    0x0001146d      0x271 C:/devkitPro/libctru/lib\libctru.a(env.o)
 .debug_line    0x000116de      0x280 C:/devkitPro/libctru/lib\libctru.a(decode_utf8.o)
 .debug_line    0x0001195e      0x18f C:/devkitPro/libctru/lib\libctru.a(encode_utf16.o)

.debug_frame    0x00000000     0x2270
 *(.debug_frame)
 .debug_frame   0x00000000       0xa4 bps_patcher.o
 .debug_frame   0x000000a4       0x60 3dsx.o
 .debug_frame   0x00000104       0x88 hbldr.o
 .debug_frame   0x0000018c      0x164 ifile.o
 .debug_frame   0x000002f0      0x114 loader.o
 .debug_frame   0x00000404       0x88 main.o
 .debug_frame   0x0000048c       0x48 memory.o
 .debug_frame   0x000004d4       0x34 paslr.o
 .debug_frame   0x00000508      0x1a0 patcher.o
 .debug_frame   0x000006a8       0x44 service_manager.o
 .debug_frame   0x000006ec       0x28 strings.o
 .debug_frame   0x00000714      0x254 C:/devkitPro/libctru/lib\libctru.a(srv.o)
 .debug_frame   0x00000968      0x2b4 C:/devkitPro/libctru/lib\libctru.a(synchronization.o)
 .debug_frame   0x00000c1c      0xce4 C:/devkitPro/libctru/lib\libctru.a(fs.o)
 .debug_frame   0x00001900       0xe0 C:/devkitPro/libctru/lib\libctru.a(fsreg.o)
 .debug_frame   0x000019e0       0x94 C:/devkitPro/libctru/lib\libctru.a(pxipm.o)
 .debug_frame   0x00001a74       0xb0 C:/devkitPro/libctru/lib\libctru.a(srvpm.o)
 .debug_frame   0x00001b24       0x3c C:/devkitPro/libctru/lib\libctru.a(utf8_to_utf16.o)
 .debug_frame   0x00001b60       0x34 C:/devkitPro/libctru/lib\libctru.a(initArgv.o)
 .debug_frame   0x00001b94      0x640 C:/devkitPro/libctru/lib\libctru.a(svc.o)
 .debug_frame   0x000021d4       0x4c C:/devkitPro/libctru/lib\libctru.a(env.o)
 .debug_frame   0x00002220       0x30 C:/devkitPro/libctru/lib\libctru.a(decode_utf8.o)
 .debug_frame   0x00002250       0x20 C:/devkitPro/libctru/lib\libctru.a(encode_utf16.o)

.debug_str      0x00000000     0xb371
 *(.debug_str)
 .debug_str     0x00000000     0xb371 bps_patcher.o
                               0x6bb2 (size before relaxing)
 .debug_str     0x0000b371      0x747 3dsx.o
 .debug_str     0x0000b371     0x15da hbldr.o
 .debug_str     0x0000b371      0x5e3 ifile.o
 .debug_str     0x0000b371     0x1aaf loader.o
 .debug_str     0x0000b371      0xbd2 main.o
 .debug_str     0x0000b371      0x253 memory.o
 .debug_str     0x0000b371      0xa2c paslr.o
 .debug_str     0x0000b371     0x13c3 patcher.o
 .debug_str     0x0000b371      0x480 service_manager.o
 .debug_str     0x0000b371      0x223 strings.o
 .debug_str     0x0000b371      0xad7 C:/devkitPro/libctru/lib\libctru.a(srv.o)
 .debug_str     0x0000b371      0x983 C:/devkitPro/libctru/lib\libctru.a(synchronization.o)
 .debug_str     0x0000b371     0x1d13 C:/devkitPro/libctru/lib\libctru.a(fs.o)
 .debug_str     0x0000b371      0x945 C:/devkitPro/libctru/lib\libctru.a(fsreg.o)
 .debug_str     0x0000b371      0x8e6 C:/devkitPro/libctru/lib\libctru.a(pxipm.o)
 .debug_str     0x0000b371      0x580 C:/devkitPro/libctru/lib\libctru.a(srvpm.o)
 .debug_str     0x0000b371      0x297 C:/devkitPro/libctru/lib\libctru.a(utf8_to_utf16.o)
 .debug_str     0x0000b371      0x2f6 C:/devkitPro/libctru/lib\libctru.a(initArgv.o)
 .debug_str     0x0000b371       0xc5 C:/devkitPro/libctru/lib\libctru.a(svc.o)
 .debug_str     0x0000b371      0x2a4 C:/devkitPro/libctru/lib\libctru.a(env.o)
 .debug_str     0x0000b371      0x257 C:/devkitPro/libctru/lib\libctru.a(decode_utf8.o)
 .debug_str     0x0000b371      0x243 C:/devkitPro/libctru/lib\libctru.a(encode_utf16.o)

.debug_loc
 *(.debug_loc)

.debug_macinfo
 *(.debug_macinfo)
LOAD C:/devkitPro/devkitARM/bin/../lib/gcc/arm-none-eabi/14.2.0/../../../../arm-none-eabi/lib/armv6k/fpu/3dsx_crt0.o
LOAD C:/devkitPro/devkitARM/bin/../lib/gcc/arm-none-eabi/14.2.0/armv6k/fpu/crti.o
LOAD C:/devkitPro/devkitARM/bin/../lib/gcc/arm-none-eabi/14.2.0/armv6k/fpu/crtbegin.o
Address of section .text set to 0x14000000
LOAD bps_patcher.o
LOAD 3dsx.o
LOAD hbldr.o
LOAD ifile.o
LOAD loader.o
LOAD main.o
LOAD memory.o
LOAD paslr.o
LOAD patcher.o
LOAD service_manager.o
LOAD strings.o
LOAD romfsredir.o
LOAD C:/devkitPro/libctru/lib\libctru.a
LOAD C:/devkitPro/devkitARM/bin/../lib/gcc/arm-none-eabi/14.2.0/../../../../arm-none-eabi/lib/armv6k/fpu\libstdc++.a
LOAD C:/devkitPro/devkitARM/bin/../lib/gcc/arm-none-eabi/14.2.0/../../../../arm-none-eabi/lib/armv6k/fpu\libm.a
START GROUP
LOAD C:/devkitPro/devkitARM/bin/../lib/gcc/arm-none-eabi/14.2.0/armv6k/fpu\libgcc.a
LOAD C:/devkitPro/devkitARM/bin/../lib/gcc/arm-none-eabi/14.2.0/../../../../arm-none-eabi/lib/armv6k/fpu\libg.a
LOAD C:/devkitPro/devkitARM/bin/../lib/gcc/arm-none-eabi/14.2.0/../../../../arm-none-eabi/lib/armv6k/fpu\libc.a
LOAD C:/devkitPro/devkitARM/bin/../lib/gcc/arm-none-eabi/14.2.0/../../../../arm-none-eabi/lib/armv6k/fpu\libsysbase.a
END GROUP
LOAD C:/devkitPro/devkitARM/bin/../lib/gcc/arm-none-eabi/14.2.0/armv6k/fpu/crtend.o
LOAD C:/devkitPro/devkitARM/bin/../lib/gcc/arm-none-eabi/14.2.0/armv6k/fpu/crtn.o
OUTPUT(C:/Users/Terra/Luma3DS-mais-en-francais/sysmodules/loader/loader.elf elf32-littlearm)
LOAD linker stubs

.ARM.attributes
                0x00000000       0x2f
 .ARM.attributes
                0x00000000       0x1e C:/devkitPro/devkitARM/bin/../lib/gcc/arm-none-eabi/14.2.0/../../../../arm-none-eabi/lib/armv6k/fpu/3dsx_crt0.o
 .ARM.attributes
                0x0000001e       0x1c C:/devkitPro/devkitARM/bin/../lib/gcc/arm-none-eabi/14.2.0/armv6k/fpu/crti.o
 .ARM.attributes
                0x0000003a       0x30 C:/devkitPro/devkitARM/bin/../lib/gcc/arm-none-eabi/14.2.0/armv6k/fpu/crtbegin.o
 .ARM.attributes
                0x0000006a       0x30 bps_patcher.o
 .ARM.attributes
                0x0000009a       0x30 3dsx.o
 .ARM.attributes
                0x000000ca       0x30 hbldr.o
 .ARM.attributes
                0x000000fa       0x30 ifile.o
 .ARM.attributes
                0x0000012a       0x30 loader.o
 .ARM.attributes
                0x0000015a       0x30 main.o
 .ARM.attributes
                0x0000018a       0x30 memory.o
 .ARM.attributes
                0x000001ba       0x30 paslr.o
 .ARM.attributes
                0x000001ea       0x30 patcher.o
 .ARM.attributes
                0x0000021a       0x30 service_manager.o
 .ARM.attributes
                0x0000024a       0x30 strings.o
 .ARM.attributes
                0x0000027a       0x1a romfsredir.o
 .ARM.attributes
                0x00000294       0x30 C:/devkitPro/libctru/lib\libctru.a(srv.o)
 .ARM.attributes
                0x000002c4       0x30 C:/devkitPro/libctru/lib\libctru.a(synchronization.o)
 .ARM.attributes
                0x000002f4       0x30 C:/devkitPro/libctru/lib\libctru.a(fs.o)
 .ARM.attributes
                0x00000324       0x30 C:/devkitPro/libctru/lib\libctru.a(fsreg.o)
 .ARM.attributes
                0x00000354       0x30 C:/devkitPro/libctru/lib\libctru.a(pxipm.o)
 .ARM.attributes
                0x00000384       0x30 C:/devkitPro/libctru/lib\libctru.a(srvpm.o)
 .ARM.attributes
                0x000003b4       0x30 C:/devkitPro/libctru/lib\libctru.a(utf8_to_utf16.o)
 .ARM.attributes
                0x000003e4       0x30 C:/devkitPro/libctru/lib\libctru.a(initArgv.o)
 .ARM.attributes
                0x00000414       0x1a C:/devkitPro/libctru/lib\libctru.a(svc.o)
 .ARM.attributes
                0x0000042e       0x30 C:/devkitPro/libctru/lib\libctru.a(env.o)
 .ARM.attributes
                0x0000045e       0x30 C:/devkitPro/libctru/lib\libctru.a(decode_utf8.o)
 .ARM.attributes
                0x0000048e       0x30 C:/devkitPro/libctru/lib\libctru.a(encode_utf16.o)
 .ARM.attributes
                0x000004be       0x30 C:/devkitPro/devkitARM/bin/../lib/gcc/arm-none-eabi/14.2.0/../../../../arm-none-eabi/lib/armv6k/fpu\libg.a(libc_a-strlen-stub.o)
 .ARM.attributes
                0x000004ee       0x30 C:/devkitPro/devkitARM/bin/../lib/gcc/arm-none-eabi/14.2.0/../../../../arm-none-eabi/lib/armv6k/fpu\libg.a(libc_a-memmove.o)
 .ARM.attributes
                0x0000051e       0x30 C:/devkitPro/devkitARM/bin/../lib/gcc/arm-none-eabi/14.2.0/../../../../arm-none-eabi/lib/armv6k/fpu\libg.a(libc_a-memcmp.o)
 .ARM.attributes
                0x0000054e       0x30 C:/devkitPro/devkitARM/bin/../lib/gcc/arm-none-eabi/14.2.0/../../../../arm-none-eabi/lib/armv6k/fpu\libg.a(libc_a-strnlen.o)
 .ARM.attributes
                0x0000057e       0x30 C:/devkitPro/devkitARM/bin/../lib/gcc/arm-none-eabi/14.2.0/../../../../arm-none-eabi/lib/armv6k/fpu\libg.a(libc_a-memcpy-stub.o)
 .ARM.attributes
                0x000005ae       0x30 C:/devkitPro/devkitARM/bin/../lib/gcc/arm-none-eabi/14.2.0/../../../../arm-none-eabi/lib/armv6k/fpu\libg.a(libc_a-memset.o)
 .ARM.attributes
                0x000005de       0x30 C:/devkitPro/devkitARM/bin/../lib/gcc/arm-none-eabi/14.2.0/../../../../arm-none-eabi/lib/armv6k/fpu\libg.a(libc_a-strncpy.o)
 .ARM.attributes
                0x0000060e       0x1a C:/devkitPro/devkitARM/bin/../lib/gcc/arm-none-eabi/14.2.0/../../../../arm-none-eabi/lib/armv6k/fpu\libg.a(libc_a-strcmp.o)
 .ARM.attributes
                0x00000628       0x1c C:/devkitPro/devkitARM/bin/../lib/gcc/arm-none-eabi/14.2.0/armv6k/fpu/crtn.o

.debug_loclists
                0x00000000     0xc55c
 .debug_loclists
                0x00000000      0xd46 bps_patcher.o
 .debug_loclists
                0x00000d46      0x56a 3dsx.o
 .debug_loclists
                0x000012b0      0x390 hbldr.o
 .debug_loclists
                0x00001640      0x665 ifile.o
 .debug_loclists
                0x00001ca5     0x116e loader.o
 .debug_loclists
                0x00002e13      0x122 main.o
 .debug_loclists
                0x00002f35       0xfd memory.o
 .debug_loclists
                0x00003032      0x100 paslr.o
 .debug_loclists
                0x00003132     0x219b patcher.o
 .debug_loclists
                0x000052cd      0x579 service_manager.o
 .debug_loclists
                0x00005846       0x53 strings.o
 .debug_loclists
                0x00005899      0x6a3 C:/devkitPro/libctru/lib\libctru.a(srv.o)
 .debug_loclists
                0x00005f3c     0x1730 C:/devkitPro/libctru/lib\libctru.a(synchronization.o)
 .debug_loclists
                0x0000766c     0x4420 C:/devkitPro/libctru/lib\libctru.a(fs.o)
 .debug_loclists
                0x0000ba8c      0x2b1 C:/devkitPro/libctru/lib\libctru.a(fsreg.o)
 .debug_loclists
                0x0000bd3d      0x159 C:/devkitPro/libctru/lib\libctru.a(pxipm.o)
 .debug_loclists
                0x0000be96      0x23b C:/devkitPro/libctru/lib\libctru.a(srvpm.o)
 .debug_loclists
                0x0000c0d1       0x9f C:/devkitPro/libctru/lib\libctru.a(utf8_to_utf16.o)
 .debug_loclists
                0x0000c170       0xa2 C:/devkitPro/libctru/lib\libctru.a(initArgv.o)
 .debug_loclists
                0x0000c212       0xdf C:/devkitPro/libctru/lib\libctru.a(env.o)
 .debug_loclists
                0x0000c2f1      0x1e3 C:/devkitPro/libctru/lib\libctru.a(decode_utf8.o)
 .debug_loclists
                0x0000c4d4       0x88 C:/devkitPro/libctru/lib\libctru.a(encode_utf16.o)

.debug_rnglists
                0x00000000     0x2867
 .debug_rnglists
                0x00000000      0x21f bps_patcher.o
 .debug_rnglists
                0x0000021f       0x7d 3dsx.o
 .debug_rnglists
                0x0000029c       0xb8 hbldr.o
 .debug_rnglists
                0x00000354       0x72 ifile.o
 .debug_rnglists
                0x000003c6      0x2e9 loader.o
 .debug_rnglists
                0x000006af       0x6c main.o
 .debug_rnglists
                0x0000071b       0x23 memory.o
 .debug_rnglists
                0x0000073e       0x4c paslr.o
 .debug_rnglists
                0x0000078a      0x346 patcher.o
 .debug_rnglists
                0x00000ad0       0xd9 service_manager.o
 .debug_rnglists
                0x00000ba9       0x1f strings.o
 .debug_rnglists
                0x00000bc8      0x17c C:/devkitPro/libctru/lib\libctru.a(srv.o)
 .debug_rnglists
                0x00000d44      0x3ef C:/devkitPro/libctru/lib\libctru.a(synchronization.o)
 .debug_rnglists
                0x00001133     0x1287 C:/devkitPro/libctru/lib\libctru.a(fs.o)
 .debug_rnglists
                0x000023ba       0x9b C:/devkitPro/libctru/lib\libctru.a(fsreg.o)
 .debug_rnglists
                0x00002455       0x55 C:/devkitPro/libctru/lib\libctru.a(pxipm.o)
 .debug_rnglists
                0x000024aa       0xe9 C:/devkitPro/libctru/lib\libctru.a(srvpm.o)
 .debug_rnglists
                0x00002593       0x14 C:/devkitPro/libctru/lib\libctru.a(utf8_to_utf16.o)
 .debug_rnglists
                0x000025a7       0x20 C:/devkitPro/libctru/lib\libctru.a(initArgv.o)
 .debug_rnglists
                0x000025c7      0x25f C:/devkitPro/libctru/lib\libctru.a(svc.o)
 .debug_rnglists
                0x00002826       0x1a C:/devkitPro/libctru/lib\libctru.a(env.o)
 .debug_rnglists
                0x00002840       0x14 C:/devkitPro/libctru/lib\libctru.a(decode_utf8.o)
 .debug_rnglists
                0x00002854       0x13 C:/devkitPro/libctru/lib\libctru.a(encode_utf16.o)

.debug_line_str
                0x00000000       0xb7
 .debug_line_str
                0x00000000       0xb7 C:/devkitPro/libctru/lib\libctru.a(svc.o)
